Archive member included to satisfy reference by file (symbol)

c:/program files (x86)/atmel/studio/7.0/toolchain/avr8/avr8-gnu-toolchain/bin/../lib/gcc/avr/5.4.0/../../../../avr/lib/avr5\libm.a(addsf3.o)
                              PID.o (__subsf3)
c:/program files (x86)/atmel/studio/7.0/toolchain/avr8/avr8-gnu-toolchain/bin/../lib/gcc/avr/5.4.0/../../../../avr/lib/avr5\libm.a(addsf3x.o)
                              c:/program files (x86)/atmel/studio/7.0/toolchain/avr8/avr8-gnu-toolchain/bin/../lib/gcc/avr/5.4.0/../../../../avr/lib/avr5\libm.a(addsf3.o) (__addsf3x)
c:/program files (x86)/atmel/studio/7.0/toolchain/avr8/avr8-gnu-toolchain/bin/../lib/gcc/avr/5.4.0/../../../../avr/lib/avr5\libm.a(cmpsf2.o)
                              my_util.o (__ltsf2)
c:/program files (x86)/atmel/studio/7.0/toolchain/avr8/avr8-gnu-toolchain/bin/../lib/gcc/avr/5.4.0/../../../../avr/lib/avr5\libm.a(divsf3.o)
                              app_timer.o (__divsf3)
c:/program files (x86)/atmel/studio/7.0/toolchain/avr8/avr8-gnu-toolchain/bin/../lib/gcc/avr/5.4.0/../../../../avr/lib/avr5\libm.a(divsf3x.o)
                              c:/program files (x86)/atmel/studio/7.0/toolchain/avr8/avr8-gnu-toolchain/bin/../lib/gcc/avr/5.4.0/../../../../avr/lib/avr5\libm.a(divsf3.o) (__divsf3x)
c:/program files (x86)/atmel/studio/7.0/toolchain/avr8/avr8-gnu-toolchain/bin/../lib/gcc/avr/5.4.0/../../../../avr/lib/avr5\libm.a(fixsfdi.o)
                              my_util.o (__fixsfdi)
c:/program files (x86)/atmel/studio/7.0/toolchain/avr8/avr8-gnu-toolchain/bin/../lib/gcc/avr/5.4.0/../../../../avr/lib/avr5\libm.a(fixsfsi.o)
                              my_util.o (__fixsfsi)
c:/program files (x86)/atmel/studio/7.0/toolchain/avr8/avr8-gnu-toolchain/bin/../lib/gcc/avr/5.4.0/../../../../avr/lib/avr5\libm.a(fixunssfsi.o)
                              application.o (__fixunssfsi)
c:/program files (x86)/atmel/studio/7.0/toolchain/avr8/avr8-gnu-toolchain/bin/../lib/gcc/avr/5.4.0/../../../../avr/lib/avr5\libm.a(floatsisf.o)
                              application.o (__floatsisf)
c:/program files (x86)/atmel/studio/7.0/toolchain/avr8/avr8-gnu-toolchain/bin/../lib/gcc/avr/5.4.0/../../../../avr/lib/avr5\libm.a(floatundisf.o)
                              app_timer.o (__floatundisf)
c:/program files (x86)/atmel/studio/7.0/toolchain/avr8/avr8-gnu-toolchain/bin/../lib/gcc/avr/5.4.0/../../../../avr/lib/avr5\libm.a(fp_cmp.o)
                              c:/program files (x86)/atmel/studio/7.0/toolchain/avr8/avr8-gnu-toolchain/bin/../lib/gcc/avr/5.4.0/../../../../avr/lib/avr5\libm.a(cmpsf2.o) (__fp_cmp)
c:/program files (x86)/atmel/studio/7.0/toolchain/avr8/avr8-gnu-toolchain/bin/../lib/gcc/avr/5.4.0/../../../../avr/lib/avr5\libm.a(fp_inf.o)
                              c:/program files (x86)/atmel/studio/7.0/toolchain/avr8/avr8-gnu-toolchain/bin/../lib/gcc/avr/5.4.0/../../../../avr/lib/avr5\libm.a(addsf3x.o) (__fp_inf)
c:/program files (x86)/atmel/studio/7.0/toolchain/avr8/avr8-gnu-toolchain/bin/../lib/gcc/avr/5.4.0/../../../../avr/lib/avr5\libm.a(fp_nan.o)
                              c:/program files (x86)/atmel/studio/7.0/toolchain/avr8/avr8-gnu-toolchain/bin/../lib/gcc/avr/5.4.0/../../../../avr/lib/avr5\libm.a(addsf3x.o) (__fp_nan)
c:/program files (x86)/atmel/studio/7.0/toolchain/avr8/avr8-gnu-toolchain/bin/../lib/gcc/avr/5.4.0/../../../../avr/lib/avr5\libm.a(fp_negdi.o)
                              c:/program files (x86)/atmel/studio/7.0/toolchain/avr8/avr8-gnu-toolchain/bin/../lib/gcc/avr/5.4.0/../../../../avr/lib/avr5\libm.a(fixsfdi.o) (__fp_negdi)
c:/program files (x86)/atmel/studio/7.0/toolchain/avr8/avr8-gnu-toolchain/bin/../lib/gcc/avr/5.4.0/../../../../avr/lib/avr5\libm.a(fp_pscA.o)
                              c:/program files (x86)/atmel/studio/7.0/toolchain/avr8/avr8-gnu-toolchain/bin/../lib/gcc/avr/5.4.0/../../../../avr/lib/avr5\libm.a(addsf3x.o) (__fp_pscA)
c:/program files (x86)/atmel/studio/7.0/toolchain/avr8/avr8-gnu-toolchain/bin/../lib/gcc/avr/5.4.0/../../../../avr/lib/avr5\libm.a(fp_pscB.o)
                              c:/program files (x86)/atmel/studio/7.0/toolchain/avr8/avr8-gnu-toolchain/bin/../lib/gcc/avr/5.4.0/../../../../avr/lib/avr5\libm.a(addsf3x.o) (__fp_pscB)
c:/program files (x86)/atmel/studio/7.0/toolchain/avr8/avr8-gnu-toolchain/bin/../lib/gcc/avr/5.4.0/../../../../avr/lib/avr5\libm.a(fp_round.o)
                              c:/program files (x86)/atmel/studio/7.0/toolchain/avr8/avr8-gnu-toolchain/bin/../lib/gcc/avr/5.4.0/../../../../avr/lib/avr5\libm.a(addsf3.o) (__fp_round)
c:/program files (x86)/atmel/studio/7.0/toolchain/avr8/avr8-gnu-toolchain/bin/../lib/gcc/avr/5.4.0/../../../../avr/lib/avr5\libm.a(fp_split3.o)
                              c:/program files (x86)/atmel/studio/7.0/toolchain/avr8/avr8-gnu-toolchain/bin/../lib/gcc/avr/5.4.0/../../../../avr/lib/avr5\libm.a(addsf3x.o) (__fp_split3)
[...]
Memory Configuration

Name             Origin             Length             Attributes
text             0x00000000         0x00020000         xr
data             0x00800060         0x0000ffa0         rw !x
eeprom           0x00810000         0x00010000         rw !x
fuse             0x00820000         0x00000003         rw !x
lock             0x00830000         0x00000400         rw !x
signature        0x00840000         0x00000400         rw !x
user_signatures  0x00850000         0x00000400         rw !x
*default*        0x00000000         0xffffffff

Linker script and memory map

Address of section .data set to 0x800100
LOAD C:/Program Files (x86)/Atmel/Studio/7.0/Packs/atmel/ATmega_DFP/1.2.209/gcc/dev/atmega644pa/avr5/crtatmega644pa.o
LOAD application.o
LOAD app_timer.o
LOAD heater.o
LOAD main.o
LOAD menu_rendering.o
LOAD my_util.o
LOAD PID.o
LOAD rotary_encoder.o
LOAD shiftreg.o
LOAD srdisplay.o
LOAD stirrer.o
LOAD switch.o
LOAD temp_sensors.o
START GROUP
LOAD c:/program files (x86)/atmel/studio/7.0/toolchain/avr8/avr8-gnu-toolchain/bin/../lib/gcc/avr/5.4.0/../../../../avr/lib/avr5\libm.a
END GROUP
START GROUP
LOAD c:/program files (x86)/atmel/studio/7.0/toolchain/avr8/avr8-gnu-toolchain/bin/../lib/gcc/avr/5.4.0/avr5\libgcc.a
LOAD c:/program files (x86)/atmel/studio/7.0/toolchain/avr8/avr8-gnu-toolchain/bin/../lib/gcc/avr/5.4.0/../../../../avr/lib/avr5\libm.a
LOAD c:/program files (x86)/atmel/studio/7.0/toolchain/avr8/avr8-gnu-toolchain/bin/../lib/gcc/avr/5.4.0/../../../../avr/lib/avr5\libc.a
LOAD C:/Program Files (x86)/Atmel/Studio/7.0/Packs/atmel/ATmega_DFP/1.2.209/gcc/dev/atmega644pa/avr5\libatmega644pa.a
END GROUP
                0x00020000                __TEXT_REGION_LENGTH__ = DEFINED (__TEXT_REGION_LENGTH__)?__TEXT_REGION_LENGTH__:0x20000
                0x0000ffa0                __DATA_REGION_LENGTH__ = DEFINED (__DATA_REGION_LENGTH__)?__DATA_REGION_LENGTH__:0xffa0
                0x00010000                __EEPROM_REGION_LENGTH__ = DEFINED (__EEPROM_REGION_LENGTH__)?__EEPROM_REGION_LENGTH__:0x10000
                [0x00000003]                __FUSE_REGION_LENGTH__ = DEFINED (__FUSE_REGION_LENGTH__)?__FUSE_REGION_LENGTH__:0x400
                0x00000400                __LOCK_REGION_LENGTH__ = DEFINED (__LOCK_REGION_LENGTH__)?__LOCK_REGION_LENGTH__:0x400
                0x00000400                __SIGNATURE_REGION_LENGTH__ = DEFINED (__SIGNATURE_REGION_LENGTH__)?__SIGNATURE_REGION_LENGTH__:0x400
                0x00000400                __USER_SIGNATURE_REGION_LENGTH__ = DEFINED (__USER_SIGNATURE_REGION_LENGTH__)?__USER_SIGNATURE_REGION_LENGTH__:0x400

.hash
 *(.hash)

.dynsym
 *(.dynsym)

.dynstr
 *(.dynstr)

.gnu.version
 *(.gnu.version)

.gnu.version_d
 *(.gnu.version_d)

.gnu.version_r
 *(.gnu.version_r)

.rel.init
 *(.rel.init)

.rela.init
 *(.rela.init)

.rel.text
 *(.rel.text)
 *(.rel.text.*)
 *(.rel.gnu.linkonce.t*)

.rela.text
 *(.rela.text)
 *(.rela.text.*)
 *(.rela.gnu.linkonce.t*)

.rel.fini
 *(.rel.fini)

.rela.fini
 *(.rela.fini)

.rel.rodata
 *(.rel.rodata)
 *(.rel.rodata.*)
 *(.rel.gnu.linkonce.r*)

.rela.rodata
 *(.rela.rodata)
 *(.rela.rodata.*)
 *(.rela.gnu.linkonce.r*)

.rel.data
 *(.rel.data)
 *(.rel.data.*)
 *(.rel.gnu.linkonce.d*)

.rela.data
 *(.rela.data)
 *(.rela.data.*)
 *(.rela.gnu.linkonce.d*)

.rel.ctors
 *(.rel.ctors)

.rela.ctors
 *(.rela.ctors)

.rel.dtors
 *(.rel.dtors)

.rela.dtors
 *(.rela.dtors)

.rel.got
 *(.rel.got)

.rela.got
 *(.rela.got)

.rel.bss
 *(.rel.bss)

.rela.bss
 *(.rela.bss)

.rel.plt
 *(.rel.plt)

.rela.plt
 *(.rela.plt)

.text           0x00000000     0x4a78
 *(.vectors)
 .vectors       0x00000000       0x7c C:/Program Files (x86)/Atmel/Studio/7.0/Packs/atmel/ATmega_DFP/1.2.209/gcc/dev/atmega644pa/avr5/crtatmega644pa.o
                0x00000000                __vector_default
                0x00000000                __vectors
 *(.vectors)
 *(.progmem.gcc*)
 .progmem.gcc_sw_table.srd_dig_to_pattern
                0x0000007c       0x14 srdisplay.o
 .progmem.gcc_fplib
                0x00000090       0x5a c:/program files (x86)/atmel/studio/7.0/toolchain/avr8/avr8-gnu-toolchain/bin/../lib/gcc/avr/5.4.0/../../../../avr/lib/avr5\libm.a(log.o)
                0x000000ea                . = ALIGN (0x2)
                0x000000ea                __trampolines_start = .
 *(.trampolines)
 .trampolines   0x000000ea        0x0 linker stubs
 *(.trampolines*)
                0x000000ea                __trampolines_end = .
 *libprintf_flt.a:*(.progmem.data)
 *libc.a:*(.progmem.data)
 *(.progmem*)
 .progmem.data.rotenc_decoder_lut
                0x000000ea       0x20 rotary_encoder.o
                0x0000010a                . = ALIGN (0x2)
 *(.jumptables)
 *(.jumptables*)
 *(.lowtext)
 *(.lowtext*)
                0x0000010a                __ctors_start = .
 *(.ctors)
                0x0000010a                __ctors_end = .
                0x0000010a                __dtors_start = .
 *(.dtors)
                0x0000010a                __dtors_end = .
 SORT(*)(.ctors)
 SORT(*)(.dtors)
 *(.init0)
 .init0         0x0000010a        0x0 C:/Program Files (x86)/Atmel/Studio/7.0/Packs/atmel/ATmega_DFP/1.2.209/gcc/dev/atmega644pa/avr5/crtatmega644pa.o
                0x0000010a                __init
 *(.init0)
 *(.init1)
 *(.init1)
 *(.init2)
 .init2         0x0000010a        0xc C:/Program Files (x86)/Atmel/Studio/7.0/Packs/atmel/ATmega_DFP/1.2.209/gcc/dev/atmega644pa/avr5/crtatmega644pa.o
 *(.init2)
 *(.init3)
 *(.init3)
 *(.init4)
 .init4         0x00000116       0x10 c:/program files (x86)/atmel/studio/7.0/toolchain/avr8/avr8-gnu-toolchain/bin/../lib/gcc/avr/5.4.0/avr5\libgcc.a(_clear_bss.o)
                0x00000116                __do_clear_bss
 *(.init4)
 *(.init5)
 *(.init5)
 *(.init6)
 *(.init6)
 *(.init7)
 *(.init7)
 *(.init8)
 *(.init8)
 *(.init9)
 .init9         0x00000126        0x8 C:/Program Files (x86)/Atmel/Studio/7.0/Packs/atmel/ATmega_DFP/1.2.209/gcc/dev/atmega644pa/avr5/crtatmega644pa.o
 *(.init9)
 *(.text)
 .text          0x0000012e        0x4 C:/Program Files (x86)/Atmel/Studio/7.0/Packs/atmel/ATmega_DFP/1.2.209/gcc/dev/atmega644pa/avr5/crtatmega644pa.o
                0x0000012e                __vector_22
                0x0000012e                __vector_28
                0x0000012e                __vector_1
                0x0000012e                __vector_24
                0x0000012e                __vector_12
                0x0000012e                __bad_interrupt
                0x0000012e                __vector_6
                0x0000012e                __vector_3
                0x0000012e                __vector_23
                0x0000012e                __vector_30
                0x0000012e                __vector_25
                0x0000012e                __vector_11
                0x0000012e                __vector_13
                0x0000012e                __vector_17
                0x0000012e                __vector_19
                0x0000012e                __vector_7
                0x0000012e                __vector_27
                0x0000012e                __vector_5
                0x0000012e                __vector_4
                0x0000012e                __vector_9
                0x0000012e                __vector_2
                0x0000012e                __vector_21
                0x0000012e                __vector_15
                0x0000012e                __vector_29
                0x0000012e                __vector_8
                0x0000012e                __vector_26
                0x0000012e                __vector_14
                0x0000012e                __vector_10
                0x0000012e                __vector_18
                0x0000012e                __vector_20
                0x00000132                . = ALIGN (0x2)
 *(.text.*)
 .text.app_run  0x00000132      0x210 application.o
                0x00000132                app_run
 .text.app_user_main
                0x00000342       0x7a application.o
                0x00000342                app_user_main
 .text.app_control
                0x000003bc      0x11c application.o
                0x000003bc                app_control
 .text.app_rotenc_update
                0x000004d8       0x14 application.o
                0x000004d8                app_rotenc_update
 .text.app_button_update
                0x000004ec       0x14 application.o
                0x000004ec                app_button_update
 .text.app_state_main
                0x00000500       0x50 application.o
                0x00000500                app_state_main
 .text.app_state_menu_main
                0x00000550       0xe8 application.o
                0x00000550                app_state_menu_main
 .text.app_state_menu_heater
                0x00000638      0x102 application.o
                0x00000638                app_state_menu_heater
 .text.app_state_menu_heater_onoff
                0x0000073a       0x78 application.o
                0x0000073a                app_state_menu_heater_onoff
 .text.app_state_menu_heater_target_temp
                0x000007b2       0xf6 application.o
                0x000007b2                app_state_menu_heater_target_temp
 .text.app_state_menu_heater_pid
                0x000008a8       0xea application.o
                0x000008a8                app_state_menu_heater_pid
 .text.app_state_menu_heater_pid_p
                0x00000992      0x16c application.o
                0x00000992                app_state_menu_heater_pid_p
 .text.app_state_menu_heater_pid_i
                0x00000afe      0x16c application.o
                0x00000afe                app_state_menu_heater_pid_i
 .text.app_state_menu_heater_pid_d
                0x00000c6a      0x16c application.o
                0x00000c6a                app_state_menu_heater_pid_d
 .text.app_state_menu_heater_offset
                0x00000dd6       0xf8 application.o
                0x00000dd6                app_state_menu_heater_offset
 .text.app_state_menu_stirrer
                0x00000ece       0xb2 application.o
                0x00000ece                app_state_menu_stirrer
 .text.app_state_menu_stirrer_duty_cycle
                0x00000f80       0xb8 application.o
                0x00000f80                app_state_menu_stirrer_duty_cycle
 .text.app_state_menu_tprobe
                0x00001038      0x102 application.o
                0x00001038                app_state_menu_tprobe
 .text.app_state_menu_tprobe0_calib
                0x0000113a       0x52 application.o
                0x0000113a                app_state_menu_tprobe0_calib
 .text.app_state_menu_tprobe1_calib
                0x0000118c       0x52 application.o
                0x0000118c                app_state_menu_tprobe1_calib
 .text.app_state_menu_tprobe2_calib
                0x000011de       0x3e application.o
                0x000011de                app_state_menu_tprobe2_calib
 .text.app_state_menu_tprobe3_calib
                0x0000121c       0x3e application.o
                0x0000121c                app_state_menu_tprobe3_calib
 .text.app_clear_input
                0x0000125a       0x28 application.o
                0x0000125a                app_clear_input
 .text.__iCliRetVal
                0x00001282       0x12 app_timer.o
 .text.__iRestore
                0x00001294       0x2a app_timer.o
 .text.seconds_to_cycles
                0x000012be       0xc6 app_timer.o
                0x000012be                seconds_to_cycles
 .text.appt_init
                0x00001384      0x15a app_timer.o
                0x00001384                appt_init
 .text.appt_shutdown
                0x000014de      0x13e app_timer.o
                0x000014de                appt_shutdown
 .text.appt_start
                0x0000161c       0x6a app_timer.o
                0x0000161c                appt_start
 .text.appt_stop
                0x00001686       0x22 app_timer.o
                0x00001686                appt_stop
 .text.appt_update
                0x000016a8      0x54c app_timer.o
                0x000016a8                appt_update
 .text.appt_set_callback
                0x00001bf4      0x12c app_timer.o
                0x00001bf4                appt_set_callback
 .text.__vector_16
                0x00001d20       0xd0 app_timer.o
                0x00001d20                __vector_16
 .text.heater_init
                0x00001df0       0x70 heater.o
                0x00001df0                heater_init
 .text.heater_shutdown
                0x00001e60       0x68 heater.o
                0x00001e60                heater_shutdown
 .text.heater_set_duty_cycle
                0x00001ec8       0x5e heater.o
                0x00001ec8                heater_set_duty_cycle
 .text.heater_on
                0x00001f26       0x44 heater.o
                0x00001f26                heater_on
 .text.heater_off
                0x00001f6a       0x3c heater.o
                0x00001f6a                heater_off
 .text.main     0x00001fa6       0x16 main.o
                0x00001fa6                main
 .text.mr_main  0x00001fbc       0x3e menu_rendering.o
                0x00001fbc                mr_main
 .text.mr_main_menu
                0x00001ffa       0xba menu_rendering.o
                0x00001ffa                mr_main_menu
 .text.mr_heater_menu
                0x000020b4       0xd8 menu_rendering.o
                0x000020b4                mr_heater_menu
 .text.mr_stirrer_menu
                0x0000218c       0x62 menu_rendering.o
                0x0000218c                mr_stirrer_menu
 .text.mr_heater_menu_pid
                0x000021ee       0x72 menu_rendering.o
                0x000021ee                mr_heater_menu_pid
 .text.mr_heater_menu_onoff
                0x00002260       0x56 menu_rendering.o
                0x00002260                mr_heater_menu_onoff
 .text.mr_heater_menu_target_temp
                0x000022b6       0x46 menu_rendering.o
                0x000022b6                mr_heater_menu_target_temp
 .text.mr_heater_menu_pid_p
                0x000022fc       0x46 menu_rendering.o
                0x000022fc                mr_heater_menu_pid_p
 .text.mr_heater_menu_pid_i
                0x00002342       0x46 menu_rendering.o
                0x00002342                mr_heater_menu_pid_i
 .text.mr_heater_menu_pid_d
                0x00002388       0x46 menu_rendering.o
                0x00002388                mr_heater_menu_pid_d
 .text.mr_heater_menu_offset
                0x000023ce       0x46 menu_rendering.o
                0x000023ce                mr_heater_menu_offset
 .text.mr_stirrer_menu_dc
                0x00002414       0x4c menu_rendering.o
                0x00002414                mr_stirrer_menu_dc
 .text.mr_tprobe_menu
                0x00002460       0x98 menu_rendering.o
                0x00002460                mr_tprobe_menu
 .text.mr_tprobe_calib_menu
                0x000024f8       0x54 menu_rendering.o
                0x000024f8                mr_tprobe_calib_menu
 .text.mr_tprobe_calib_menu_nc
                0x0000254c       0x20 menu_rendering.o
                0x0000254c                mr_tprobe_calib_menu_nc
 .text.decpowi16
                0x0000256c       0x6e my_util.o
                0x0000256c                decpowi16
 .text.imax8    0x000025da       0x22 my_util.o
                0x000025da                imax8
 .text.imax16   0x000025fc       0x32 my_util.o
                0x000025fc                imax16
 .text.imin8    0x0000262e       0x22 my_util.o
                0x0000262e                imin8
 .text.imin16   0x00002650       0x32 my_util.o
                0x00002650                imin16
 .text.umax8    0x00002682       0x22 my_util.o
                0x00002682                umax8
 .text.umin8    0x000026a4       0x22 my_util.o
                0x000026a4                umin8
 .text.fmax     0x000026c6       0x64 my_util.o
                0x000026c6                fmax
 .text.fmin     0x0000272a       0x64 my_util.o
                0x0000272a                fmin
 .text.pid_init
                0x0000278e       0xfe PID.o
                0x0000278e                pid_init
 .text.pid_set_params
                0x0000288c       0xfe PID.o
                0x0000288c                pid_set_params
 .text.pid_step
                0x0000298a      0x294 PID.o
                0x0000298a                pid_step
 .text.pid_reset
                0x00002c1e       0x36 PID.o
                0x00002c1e                pid_reset
 .text.__iCliRetVal
                0x00002c54       0x12 rotary_encoder.o
 .text.__iRestore
                0x00002c66       0x2a rotary_encoder.o
 .text.rotenc_init
                0x00002c90       0x74 rotary_encoder.o
                0x00002c90                rotenc_init
 .text.rotenc_shutdown
                0x00002d04       0x2a rotary_encoder.o
                0x00002d04                rotenc_shutdown
 .text.rotenc_get_inc
                0x00002d2e       0x54 rotary_encoder.o
                0x00002d2e                rotenc_get_inc
 .text.rotenc_update
                0x00002d82       0xd4 rotary_encoder.o
                0x00002d82                rotenc_update
 .text.shreg_init
                0x00002e56       0x4e shiftreg.o
                0x00002e56                shreg_init
 .text.shreg_shutdown
                0x00002ea4       0x18 shiftreg.o
                0x00002ea4                shreg_shutdown
 .text.shreg_write_bit
                0x00002ebc       0x40 shiftreg.o
                0x00002ebc                shreg_write_bit
 .text.shreg_write_byte
                0x00002efc       0x44 shiftreg.o
                0x00002efc                shreg_write_byte
 .text.shreg_write_bytes
                0x00002f40       0x60 shiftreg.o
                0x00002f40                shreg_write_bytes
 .text.shreg_clear
                0x00002fa0       0x34 shiftreg.o
                0x00002fa0                shreg_clear
 .text.shreg_shift
                0x00002fd4       0x34 shiftreg.o
                0x00002fd4                shreg_shift
 .text.shreg_out
                0x00003008       0x34 shiftreg.o
                0x00003008                shreg_out
 .text.srd_dig_to_pattern
                0x0000303c       0x68 srdisplay.o
 .text.srd_ctd  0x000030a4       0x5e srdisplay.o
 .text.srd_signed_ctd
                0x00003102       0x6a srdisplay.o
 .text.srd_int16_to_patterns
                0x0000316c      0x13a srdisplay.o
 .text.srd_signed_int16_to_patterns
                0x000032a6      0x132 srdisplay.o
 .text.srd_float_to_patterns
                0x000033d8      0x224 srdisplay.o
 .text.srd_init
                0x000035fc       0x1c srdisplay.o
                0x000035fc                srd_init
 .text.srd_shutdown
                0x00003618       0x14 srdisplay.o
                0x00003618                srd_shutdown
 .text.srd_set  0x0000362c       0x34 srdisplay.o
                0x0000362c                srd_set
 .text.srd_setfloat
                0x00003660       0x70 srdisplay.o
                0x00003660                srd_setfloat
 .text.srd_setint16
                0x000036d0       0x52 srdisplay.o
                0x000036d0                srd_setint16
 .text.srd_display
                0x00003722       0x22 srdisplay.o
                0x00003722                srd_display
 .text.srd_clear
                0x00003744       0x32 srdisplay.o
                0x00003744                srd_clear
 .text.stirrer_init
                0x00003776       0x92 stirrer.o
                0x00003776                stirrer_init
 .text.stirrer_shutdown
                0x00003808       0x88 stirrer.o
                0x00003808                stirrer_shutdown
 .text.stirrer_set_duty_cycle
                0x00003890       0x70 stirrer.o
                0x00003890                stirrer_set_duty_cycle
 .text.stirrer_on
                0x00003900       0x48 stirrer.o
                0x00003900                stirrer_on
 .text.stirrer_off
                0x00003948       0x3e stirrer.o
                0x00003948                stirrer_off
 .text.switch_init
                0x00003986       0x72 switch.o
                0x00003986                switch_init
 .text.switch_shutdown
                0x000039f8       0x60 switch.o
                0x000039f8                switch_shutdown
 .text.switch_press
                0x00003a58       0x5a switch.o
                0x00003a58                switch_press
 .text.switch_release
                0x00003ab2       0x5a switch.o
                0x00003ab2                switch_release
 .text.switch_longpress
                0x00003b0c       0x5a switch.o
                0x00003b0c                switch_longpress
 .text.switch_get_state
                0x00003b66       0x3a switch.o
                0x00003b66                switch_get_state
 .text.switch_update
                0x00003ba0      0x19a switch.o
                0x00003ba0                switch_update
 .text.__iCliRetVal
                0x00003d3a       0x12 temp_sensors.o
 .text.__iRestore
                0x00003d4c       0x2a temp_sensors.o
 .text.tsens_init
                0x00003d76       0x58 temp_sensors.o
                0x00003d76                tsens_init
 .text.tsens_shutdown
                0x00003dce       0x6e temp_sensors.o
                0x00003dce                tsens_shutdown
 .text.tsens_start_adc
                0x00003e3c       0x54 temp_sensors.o
                0x00003e3c                tsens_start_adc
 .text.tsens_measure0_raw
                0x00003e90       0x62 temp_sensors.o
                0x00003e90                tsens_measure0_raw
 .text.tsens_measure0_resistance
                0x00003ef2       0xf8 temp_sensors.o
                0x00003ef2                tsens_measure0_resistance
 .text.tsens_measure_probe0_temp
                0x00003fea       0xf2 temp_sensors.o
                0x00003fea                tsens_measure_probe0_temp
 .text.tsens_measure1_raw
                0x000040dc       0x64 temp_sensors.o
                0x000040dc                tsens_measure1_raw
 .text.tsens_measure1_resistance
                0x00004140       0xf8 temp_sensors.o
                0x00004140                tsens_measure1_resistance
 .text.tsens_measure_probe1_temp
                0x00004238       0xf2 temp_sensors.o
                0x00004238                tsens_measure_probe1_temp
 .text.avr-libc.fplib
                0x0000432a        0xe c:/program files (x86)/atmel/studio/7.0/toolchain/avr8/avr8-gnu-toolchain/bin/../lib/gcc/avr/5.4.0/../../../../avr/lib/avr5\libm.a(addsf3.o)
                0x0000432a                __subsf3
                0x0000432c                __addsf3
 .text.avr-libc.fplib
                0x00004338       0xcc c:/program files (x86)/atmel/studio/7.0/toolchain/avr8/avr8-gnu-toolchain/bin/../lib/gcc/avr/5.4.0/../../../../avr/lib/avr5\libm.a(addsf3x.o)
                0x0000435a                __addsf3x
 .text.avr-libc.fplib
                0x00004404        0xa c:/program files (x86)/atmel/studio/7.0/toolchain/avr8/avr8-gnu-toolchain/bin/../lib/gcc/avr/5.4.0/../../../../avr/lib/avr5\libm.a(cmpsf2.o)
                0x00004404                __nesf2
                0x00004404                __eqsf2
                0x00004404                __cmpsf2
                0x00004404                __ltsf2
                0x00004404                __lesf2
 .text.avr-libc.fplib
                0x0000440e        0x8 c:/program files (x86)/atmel/studio/7.0/toolchain/avr8/avr8-gnu-toolchain/bin/../lib/gcc/avr/5.4.0/../../../../avr/lib/avr5\libm.a(divsf3.o)
                0x0000440e                __divsf3
 .text.avr-libc.fplib
                0x00004416       0xdc c:/program files (x86)/atmel/studio/7.0/toolchain/avr8/avr8-gnu-toolchain/bin/../lib/gcc/avr/5.4.0/../../../../avr/lib/avr5\libm.a(divsf3x.o)
                0x00004436                __divsf3x
                0x0000443c                __divsf3_pse
 .text.avr-libc.fplib
                0x000044f2       0x78 c:/program files (x86)/atmel/studio/7.0/toolchain/avr8/avr8-gnu-toolchain/bin/../lib/gcc/avr/5.4.0/../../../../avr/lib/avr5\libm.a(fixsfdi.o)
                0x000044f2                __fixsfdi
                0x000044fc                __fixunssfdi
 .text.avr-libc.fplib
                0x0000456a        0xe c:/program files (x86)/atmel/studio/7.0/toolchain/avr8/avr8-gnu-toolchain/bin/../lib/gcc/avr/5.4.0/../../../../avr/lib/avr5\libm.a(fixsfsi.o)
                0x0000456a                __fixsfsi
 .text.avr-libc.fplib
                0x00004578       0x5e c:/program files (x86)/atmel/studio/7.0/toolchain/avr8/avr8-gnu-toolchain/bin/../lib/gcc/avr/5.4.0/../../../../avr/lib/avr5\libm.a(fixunssfsi.o)
                0x00004578                __fixunssfsi
 .text.avr-libc.fplib
                0x000045d6       0x7a c:/program files (x86)/atmel/studio/7.0/toolchain/avr8/avr8-gnu-toolchain/bin/../lib/gcc/avr/5.4.0/../../../../avr/lib/avr5\libm.a(floatsisf.o)
                0x000045d6                __floatunsisf
                0x000045da                __floatsisf
 .text.avr-libc.fplib
                0x00004650       0x48 c:/program files (x86)/atmel/studio/7.0/toolchain/avr8/avr8-gnu-toolchain/bin/../lib/gcc/avr/5.4.0/../../../../avr/lib/avr5\libm.a(fp_cmp.o)
                0x00004650                __fp_cmp
 .text.avr-libc.fplib
                0x00004698        0xc c:/program files (x86)/atmel/studio/7.0/toolchain/avr8/avr8-gnu-toolchain/bin/../lib/gcc/avr/5.4.0/../../../../avr/lib/avr5\libm.a(fp_inf.o)
                0x00004698                __fp_inf
 .text.avr-libc.fplib
                0x000046a4        0x6 c:/program files (x86)/atmel/studio/7.0/toolchain/avr8/avr8-gnu-toolchain/bin/../lib/gcc/avr/5.4.0/../../../../avr/lib/avr5\libm.a(fp_nan.o)
                0x000046a4                __fp_nan
 .text.avr-libc.fplib
                0x000046aa       0x20 c:/program files (x86)/atmel/studio/7.0/toolchain/avr8/avr8-gnu-toolchain/bin/../lib/gcc/avr/5.4.0/../../../../avr/lib/avr5\libm.a(fp_negdi.o)
                0x000046aa                __fp_negdi
 .text.avr-libc.fplib
                0x000046ca        0xe c:/program files (x86)/atmel/studio/7.0/toolchain/avr8/avr8-gnu-toolchain/bin/../lib/gcc/avr/5.4.0/../../../../avr/lib/avr5\libm.a(fp_pscA.o)
                0x000046ca                __fp_pscA
 .text.avr-libc.fplib
                0x000046d8        0xe c:/program files (x86)/atmel/studio/7.0/toolchain/avr8/avr8-gnu-toolchain/bin/../lib/gcc/avr/5.4.0/../../../../avr/lib/avr5\libm.a(fp_pscB.o)
                0x000046d8                __fp_pscB
 .text.avr-libc.fplib
                0x000046e6       0x22 c:/program files (x86)/atmel/studio/7.0/toolchain/avr8/avr8-gnu-toolchain/bin/../lib/gcc/avr/5.4.0/../../../../avr/lib/avr5\libm.a(fp_round.o)
                0x000046e6                __fp_round
 .text.avr-libc.fplib
                0x00004708       0x44 c:/program files (x86)/atmel/studio/7.0/toolchain/avr8/avr8-gnu-toolchain/bin/../lib/gcc/avr/5.4.0/../../../../avr/lib/avr5\libm.a(fp_split3.o)
                0x00004708                __fp_split3
                0x00004718                __fp_splitA
 .text.avr-libc.fplib
                0x0000474c        0xe c:/program files (x86)/atmel/studio/7.0/toolchain/avr8/avr8-gnu-toolchain/bin/../lib/gcc/avr/5.4.0/../../../../avr/lib/avr5\libm.a(fp_zero.o)
                0x0000474c                __fp_zero
                0x0000474e                __fp_szero
 .text.avr-libc.fplib
                0x0000475a        0xa c:/program files (x86)/atmel/studio/7.0/toolchain/avr8/avr8-gnu-toolchain/bin/../lib/gcc/avr/5.4.0/../../../../avr/lib/avr5\libm.a(gesf2.o)
                0x0000475a                __gesf2
                0x0000475a                __gtsf2
 .text.avr-libc.fplib
                0x00004764       0xa0 c:/program files (x86)/atmel/studio/7.0/toolchain/avr8/avr8-gnu-toolchain/bin/../lib/gcc/avr/5.4.0/../../../../avr/lib/avr5\libm.a(log.o)
                0x00004774                log
 .text.avr-libc.fplib
                0x00004804        0x8 c:/program files (x86)/atmel/studio/7.0/toolchain/avr8/avr8-gnu-toolchain/bin/../lib/gcc/avr/5.4.0/../../../../avr/lib/avr5\libm.a(mulsf3.o)
                0x00004804                __mulsf3
 .text.avr-libc.fplib
                0x0000480c       0xd2 c:/program files (x86)/atmel/studio/7.0/toolchain/avr8/avr8-gnu-toolchain/bin/../lib/gcc/avr/5.4.0/../../../../avr/lib/avr5\libm.a(mulsf3x.o)
                0x0000482a                __mulsf3x
                0x00004830                __mulsf3_pse
 .text.avr-libc.fplib
                0x000048de       0x1c c:/program files (x86)/atmel/studio/7.0/toolchain/avr8/avr8-gnu-toolchain/bin/../lib/gcc/avr/5.4.0/../../../../avr/lib/avr5\libm.a(fp_mpack.o)
                0x000048de                __fp_mpack
                0x000048e2                __fp_mpack_finite
 .text.avr-libc.fplib
                0x000048fa       0x4e c:/program files (x86)/atmel/studio/7.0/toolchain/avr8/avr8-gnu-toolchain/bin/../lib/gcc/avr/5.4.0/../../../../avr/lib/avr5\libm.a(fp_powser.o)
                0x000048fa                __fp_powser
 .text.libgcc.div
                0x00004948       0x28 c:/program files (x86)/atmel/studio/7.0/toolchain/avr8/avr8-gnu-toolchain/bin/../lib/gcc/avr/5.4.0/avr5\libgcc.a(_divmodhi4.o)
                0x00004948                _div
                0x00004948                __divmodhi4
 .text.libgcc.div
                0x00004970       0x44 c:/program files (x86)/atmel/studio/7.0/toolchain/avr8/avr8-gnu-toolchain/bin/../lib/gcc/avr/5.4.0/avr5\libgcc.a(_udivmodsi4.o)
                0x00004970                __udivmodsi4
 .text.libgcc   0x000049b4        0xc c:/program files (x86)/atmel/studio/7.0/toolchain/avr8/avr8-gnu-toolchain/bin/../lib/gcc/avr/5.4.0/avr5\libgcc.a(_tablejump2.o)
                0x000049b4                __tablejump2__
 .text.libgcc.mul
                0x000049c0       0x1e c:/program files (x86)/atmel/studio/7.0/toolchain/avr8/avr8-gnu-toolchain/bin/../lib/gcc/avr/5.4.0/avr5\libgcc.a(_umulhisi3.o)
                0x000049c0                __umulhisi3
 .text.libgcc.mul
                0x000049de       0x16 c:/program files (x86)/atmel/studio/7.0/toolchain/avr8/avr8-gnu-toolchain/bin/../lib/gcc/avr/5.4.0/avr5\libgcc.a(_muluhisi3.o)
                0x000049de                __muluhisi3
 .text.libgcc   0x000049f4       0x12 c:/program files (x86)/atmel/studio/7.0/toolchain/avr8/avr8-gnu-toolchain/bin/../lib/gcc/avr/5.4.0/avr5\libgcc.a(_adddi3.o)
                0x000049f4                __adddi3
 .text.libgcc   0x00004a06       0x18 c:/program files (x86)/atmel/studio/7.0/toolchain/avr8/avr8-gnu-toolchain/bin/../lib/gcc/avr/5.4.0/avr5\libgcc.a(_adddi3_s8.o)
                0x00004a06                __adddi3_s8
 .text.libgcc   0x00004a1e       0x12 c:/program files (x86)/atmel/studio/7.0/toolchain/avr8/avr8-gnu-toolchain/bin/../lib/gcc/avr/5.4.0/avr5\libgcc.a(_subdi3.o)
                0x00004a1e                __subdi3
 .text.libgcc   0x00004a30       0x12 c:/program files (x86)/atmel/studio/7.0/toolchain/avr8/avr8-gnu-toolchain/bin/../lib/gcc/avr/5.4.0/avr5\libgcc.a(_cmpdi2.o)
                0x00004a30                __cmpdi2
 .text.libgcc.div
                0x00004a42       0x28 c:/program files (x86)/atmel/studio/7.0/toolchain/avr8/avr8-gnu-toolchain/bin/../lib/gcc/avr/5.4.0/avr5\libgcc.a(_udivmodhi4.o)
                0x00004a42                __udivmodhi4
 .text.avr-libc
                0x00004a6a        0xa c:/program files (x86)/atmel/studio/7.0/toolchain/avr8/avr8-gnu-toolchain/bin/../lib/gcc/avr/5.4.0/../../../../avr/lib/avr5\libc.a(abort.o)
                0x00004a6a                abort
                0x00004a74                . = ALIGN (0x2)
 *(.fini9)
 .fini9         0x00004a74        0x0 c:/program files (x86)/atmel/studio/7.0/toolchain/avr8/avr8-gnu-toolchain/bin/../lib/gcc/avr/5.4.0/avr5\libgcc.a(_exit.o)
                0x00004a74                _exit
                0x00004a74                exit
 *(.fini9)
 *(.fini8)
 *(.fini8)
 *(.fini7)
 *(.fini7)
 *(.fini6)
 *(.fini6)
 *(.fini5)
 *(.fini5)
 *(.fini4)
 *(.fini4)
 *(.fini3)
 *(.fini3)
 *(.fini2)
 *(.fini2)
 *(.fini1)
 *(.fini1)
 *(.fini0)
 .fini0         0x00004a74        0x4 c:/program files (x86)/atmel/studio/7.0/toolchain/avr8/avr8-gnu-toolchain/bin/../lib/gcc/avr/5.4.0/avr5\libgcc.a(_exit.o)
 *(.fini0)
                0x00004a78                _etext = .

.data           0x00800100        0x0 load address 0x00004a78
                [!provide]                PROVIDE (__data_start, .)
 *(.data)
 *(.data*)
 *(.gnu.linkonce.d*)
 *(.rodata)
 *(.rodata*)
 *(.gnu.linkonce.r*)
                0x00800100                . = ALIGN (0x2)
                0x00800100                _edata = .
                [!provide]                PROVIDE (__data_end, .)

.bss            0x00800100       0xba
                0x00800100                PROVIDE (__bss_start, .)
 *(.bss)
 *(.bss*)
 .bss.rotenc_last
                0x00800100        0x1 rotary_encoder.o
 .bss.rotenc_delta
                0x00800101        0x2 rotary_encoder.o
 .bss.srd_buffer
                0x00800103        0x6 srdisplay.o
 .bss.switch_state_press
                0x00800109        0x1 switch.o
 .bss.switch_state_release
                0x0080010a        0x1 switch.o
 .bss.switch_state_longpress
                0x0080010b        0x1 switch.o
 .bss.switch_press_counter
                0x0080010c        0x2 switch.o
 .bss.switch_state
                0x0080010e        0x1 switch.o
 .bss.switch_debounce_ct0
                0x0080010f        0x1 switch.o
 .bss.switch_debounce_ct1
                0x00800110        0x1 switch.o
 *(COMMON)
 COMMON         0x00800111       0x51 application.o
                0x00800111                app_t1_resistance
                0x00800115                app_t0_resistance
                0x00800119                app_should_stop
                0x0080011a                app_settings
                0x00800135                app_t0_current_temp
                0x00800139                app_pid_state
                0x00800155                app_current_input
                0x0080015b                app_selected_menu_item_index
                0x0080015c                app_t1_current_temp
                0x00800160                app_current_state_func
 COMMON         0x00800162       0x58 app_timer.o
                0x00800162                appt_callbacks
                0x008001aa                appt_cycles_old
                0x008001b2                appt_cycles
                0x008001ba                PROVIDE (__bss_end, .)
                0x00004a78                __data_load_start = LOADADDR (.data)
                0x00004a78                __data_load_end = (__data_load_start + SIZEOF (.data))

.noinit         0x008001ba        0x0
                [!provide]                PROVIDE (__noinit_start, .)
 *(.noinit*)
                [!provide]                PROVIDE (__noinit_end, .)
                0x008001ba                _end = .
                [!provide]                PROVIDE (__heap_start, .)

.eeprom         0x00810000        0x0
 *(.eeprom*)
                0x00810000                __eeprom_end = .

.fuse
 *(.fuse)
 *(.lfuse)
 *(.hfuse)
 *(.efuse)

.lock
 *(.lock*)

.signature
 *(.signature*)

.user_signatures
 *(.user_signatures*)

.stab
 *(.stab)

.stabstr
 *(.stabstr)

.stab.excl
 *(.stab.excl)

.stab.exclstr
 *(.stab.exclstr)

.stab.index
 *(.stab.index)

.stab.indexstr
 *(.stab.indexstr)

.comment        0x00000000       0x30
 *(.comment)
 .comment       0x00000000       0x30 application.o
                                 0x31 (size before relaxing)
 .comment       0x00000030       0x31 app_timer.o
 .comment       0x00000030       0x31 heater.o
 .comment       0x00000030       0x31 main.o
 .comment       0x00000030       0x31 menu_rendering.o
 .comment       0x00000030       0x31 my_util.o
 .comment       0x00000030       0x31 PID.o
 .comment       0x00000030       0x31 rotary_encoder.o
 .comment       0x00000030       0x31 shiftreg.o
 .comment       0x00000030       0x31 srdisplay.o
 .comment       0x00000030       0x31 stirrer.o
 .comment       0x00000030       0x31 switch.o
 .comment       0x00000030       0x31 temp_sensors.o

.note.gnu.avr.deviceinfo
                0x00000000       0x40
 .note.gnu.avr.deviceinfo
                0x00000000       0x40 C:/Program Files (x86)/Atmel/Studio/7.0/Packs/atmel/ATmega_DFP/1.2.209/gcc/dev/atmega644pa/avr5/crtatmega644pa.o

.note.gnu.build-id
 *(.note.gnu.build-id)

.debug
 *(.debug)

.line
 *(.line)

.debug_srcinfo
 *(.debug_srcinfo)

.debug_sfnames
 *(.debug_sfnames)

.debug_aranges  0x00000000      0x5f0
 *(.debug_aranges)
 .debug_aranges
                0x00000000       0xd8 application.o
 .debug_aranges
                0x000000d8       0xc0 app_timer.o
 .debug_aranges
                0x00000198       0x40 heater.o
 .debug_aranges
                0x000001d8       0x20 main.o
 .debug_aranges
                0x000001f8       0x90 menu_rendering.o
 .debug_aranges
                0x00000288       0xf8 my_util.o
 .debug_aranges
                0x00000380       0x38 PID.o
 .debug_aranges
                0x000003b8       0x48 rotary_encoder.o
 .debug_aranges
                0x00000400       0x60 shiftreg.o
 .debug_aranges
                0x00000460       0x88 srdisplay.o
 .debug_aranges
                0x000004e8       0x40 stirrer.o
 .debug_aranges
                0x00000528       0x50 switch.o
 .debug_aranges
                0x00000578       0x78 temp_sensors.o

.debug_pubnames
 *(.debug_pubnames)

.debug_info     0x00000000     0x2d3b
 *(.debug_info .gnu.linkonce.wi.*)
 .debug_info    0x00000000      0x6cc C:/Program Files (x86)/Atmel/Studio/7.0/Packs/atmel/ATmega_DFP/1.2.209/gcc/dev/atmega644pa/avr5/crtatmega644pa.o
 .debug_info    0x000006cc      0x533 application.o
 .debug_info    0x00000bff      0x486 app_timer.o
 .debug_info    0x00001085      0x106 heater.o
 .debug_info    0x0000118b       0x80 main.o
 .debug_info    0x0000120b      0x2d6 menu_rendering.o
 .debug_info    0x000014e1      0x79e my_util.o
 .debug_info    0x00001c7f      0x278 PID.o
 .debug_info    0x00001ef7      0x1ed rotary_encoder.o
 .debug_info    0x000020e4      0x1d4 shiftreg.o
 .debug_info    0x000022b8      0x47c srdisplay.o
 .debug_info    0x00002734      0x111 stirrer.o
 .debug_info    0x00002845      0x277 switch.o
 .debug_info    0x00002abc      0x27f temp_sensors.o

.debug_abbrev   0x00000000     0x1229
 *(.debug_abbrev)
 .debug_abbrev  0x00000000      0x66e C:/Program Files (x86)/Atmel/Studio/7.0/Packs/atmel/ATmega_DFP/1.2.209/gcc/dev/atmega644pa/avr5/crtatmega644pa.o
 .debug_abbrev  0x0000066e      0x131 application.o
 .debug_abbrev  0x0000079f      0x1e6 app_timer.o
 .debug_abbrev  0x00000985       0x8a heater.o
 .debug_abbrev  0x00000a0f       0x49 main.o
 .debug_abbrev  0x00000a58       0x7b menu_rendering.o
 .debug_abbrev  0x00000ad3       0xe3 my_util.o
 .debug_abbrev  0x00000bb6       0xdc PID.o
 .debug_abbrev  0x00000c92      0x113 rotary_encoder.o
 .debug_abbrev  0x00000da5       0xdb shiftreg.o
 .debug_abbrev  0x00000e80      0x136 srdisplay.o
 .debug_abbrev  0x00000fb6       0x8a stirrer.o
 .debug_abbrev  0x00001040       0xbf switch.o
 .debug_abbrev  0x000010ff      0x12a temp_sensors.o

.debug_line     0x00000000     0x4256
 *(.debug_line .debug_line.* .debug_line_end)
 .debug_line    0x00000000      0x151 C:/Program Files (x86)/Atmel/Studio/7.0/Packs/atmel/ATmega_DFP/1.2.209/gcc/dev/atmega644pa/avr5/crtatmega644pa.o
 .debug_line    0x00000151      0xc4e application.o
 .debug_line    0x00000d9f      0x6bb app_timer.o
 .debug_line    0x0000145a      0x332 heater.o
 .debug_line    0x0000178c      0x24e main.o
 .debug_line    0x000019da      0x456 menu_rendering.o
 .debug_line    0x00001e30      0x61c my_util.o
 .debug_line    0x0000244c      0x210 PID.o
 .debug_line    0x0000265c      0x444 rotary_encoder.o
 .debug_line    0x00002aa0      0x453 shiftreg.o
 .debug_line    0x00002ef3      0x657 srdisplay.o
 .debug_line    0x0000354a      0x34c stirrer.o
 .debug_line    0x00003896      0x450 switch.o
 .debug_line    0x00003ce6      0x570 temp_sensors.o

.debug_frame    0x00000000     0x199c
 *(.debug_frame)
 .debug_frame   0x00000000      0x408 application.o
 .debug_frame   0x00000408      0x484 app_timer.o
 .debug_frame   0x0000088c       0xb4 heater.o
 .debug_frame   0x00000940       0x34 main.o
 .debug_frame   0x00000974      0x22c menu_rendering.o
 .debug_frame   0x00000ba0      0x524 my_util.o
 .debug_frame   0x000010c4      0x130 PID.o
 .debug_frame   0x000011f4       0xd4 rotary_encoder.o
 .debug_frame   0x000012c8      0x134 shiftreg.o
 .debug_frame   0x000013fc      0x214 srdisplay.o
 .debug_frame   0x00001610       0xb4 stirrer.o
 .debug_frame   0x000016c4       0xf4 switch.o
 .debug_frame   0x000017b8      0x1e4 temp_sensors.o

.debug_str      0x00000000     0xbf3f
 *(.debug_str)
 .debug_str     0x00000000      0x252 C:/Program Files (x86)/Atmel/Studio/7.0/Packs/atmel/ATmega_DFP/1.2.209/gcc/dev/atmega644pa/avr5/crtatmega644pa.o
 .debug_str     0x00000252     0x93b6 application.o
                               0x955d (size before relaxing)
 .debug_str     0x00009608      0x6e2 app_timer.o
                               0x91bc (size before relaxing)
 .debug_str     0x00009cea       0xe1 heater.o
                               0x8514 (size before relaxing)
 .debug_str     0x00009dcb        0xc main.o
                               0x8435 (size before relaxing)
 .debug_str     0x00009dd7      0x146 menu_rendering.o
                               0x39e9 (size before relaxing)
 .debug_str     0x00009f1d       0xf5 my_util.o
                               0x37b4 (size before relaxing)
 .debug_str     0x0000a012       0x55 PID.o
                               0x331d (size before relaxing)
 .debug_str     0x0000a067     0x12ef rotary_encoder.o
                               0x9e4f (size before relaxing)
 .debug_str     0x0000b356      0x45f shiftreg.o
                               0x88b7 (size before relaxing)
 .debug_str     0x0000b7b5      0x12c srdisplay.o
                               0x8b96 (size before relaxing)
 .debug_str     0x0000b8e1       0xe5 stirrer.o
                               0x8533 (size before relaxing)
 .debug_str     0x0000b9c6      0x1a9 switch.o
                               0x8602 (size before relaxing)
 .debug_str     0x0000bb6f      0x3d0 temp_sensors.o
                               0x914b (size before relaxing)

.debug_loc      0x00000000     0x35f1
 *(.debug_loc)
 .debug_loc     0x00000000      0x81f application.o
 .debug_loc     0x0000081f      0xa25 app_timer.o
 .debug_loc     0x00001244      0x134 heater.o
 .debug_loc     0x00001378       0x3b main.o
 .debug_loc     0x000013b3      0x486 menu_rendering.o
 .debug_loc     0x00001839      0xbe5 my_util.o
 .debug_loc     0x0000241e      0x2a3 PID.o
 .debug_loc     0x000026c1      0x189 rotary_encoder.o
 .debug_loc     0x0000284a      0x247 shiftreg.o
 .debug_loc     0x00002a91      0x454 srdisplay.o
 .debug_loc     0x00002ee5      0x134 stirrer.o
 .debug_loc     0x00003019      0x1f8 switch.o
 .debug_loc     0x00003211      0x3e0 temp_sensors.o

.debug_macinfo
 *(.debug_macinfo)

.debug_weaknames
 *(.debug_weaknames)

.debug_funcnames
 *(.debug_funcnames)

.debug_typenames
 *(.debug_typenames)

.debug_varnames
 *(.debug_varnames)

.debug_pubtypes
 *(.debug_pubtypes)

.debug_ranges   0x00000000      0x520
 *(.debug_ranges)
 .debug_ranges  0x00000000       0xc8 application.o
 .debug_ranges  0x000000c8       0xb0 app_timer.o
 .debug_ranges  0x00000178       0x30 heater.o
 .debug_ranges  0x000001a8       0x10 main.o
 .debug_ranges  0x000001b8       0x80 menu_rendering.o
 .debug_ranges  0x00000238       0xe8 my_util.o
 .debug_ranges  0x00000320       0x28 PID.o
 .debug_ranges  0x00000348       0x38 rotary_encoder.o
 .debug_ranges  0x00000380       0x50 shiftreg.o
 .debug_ranges  0x000003d0       0x78 srdisplay.o
 .debug_ranges  0x00000448       0x30 stirrer.o
 .debug_ranges  0x00000478       0x40 switch.o
 .debug_ranges  0x000004b8       0x68 temp_sensors.o

.debug_macro    0x00000000     0x48c0
 *(.debug_macro)
 .debug_macro   0x00000000      0x113 application.o
 .debug_macro   0x00000113      0xa4e application.o
 .debug_macro   0x00000b61       0x10 application.o
 .debug_macro   0x00000b71      0x1c9 application.o
 .debug_macro   0x00000d3a      0x2fc application.o
 .debug_macro   0x00001036       0x9e application.o
 .debug_macro   0x000010d4     0x1ec8 application.o
 .debug_macro   0x00002f9c      0x171 application.o
 .debug_macro   0x0000310d       0xbd application.o
 .debug_macro   0x000031ca       0x34 application.o
 .debug_macro   0x000031fe       0x18 application.o
 .debug_macro   0x00003216       0x6c application.o
 .debug_macro   0x00003282       0x69 application.o
 .debug_macro   0x000032eb       0x2e application.o
 .debug_macro   0x00003319      0x1c8 application.o
 .debug_macro   0x000034e1       0x40 application.o
 .debug_macro   0x00003521      0x112 application.o
 .debug_macro   0x00003633       0x16 application.o
 .debug_macro   0x00003649       0xf6 app_timer.o
 .debug_macro   0x0000373f      0x1c2 app_timer.o
 .debug_macro   0x00003901       0x1c app_timer.o
 .debug_macro   0x0000391d      0x10e app_timer.o
 .debug_macro   0x00003a2b       0x66 app_timer.o
 .debug_macro   0x00003a91       0x34 app_timer.o
 .debug_macro   0x00003ac5       0xb6 heater.o
 .debug_macro   0x00003b7b       0x9a main.o
 .debug_macro   0x00003c15      0x302 main.o
 .debug_macro   0x00003f17       0x3d menu_rendering.o
 .debug_macro   0x00003f54      0x10c menu_rendering.o
 .debug_macro   0x00004060       0x55 my_util.o
 .debug_macro   0x000040b5       0x38 PID.o
 .debug_macro   0x000040ed       0xeb rotary_encoder.o
 .debug_macro   0x000041d8       0x10 rotary_encoder.o
 .debug_macro   0x000041e8       0x89 rotary_encoder.o
 .debug_macro   0x00004271       0xee rotary_encoder.o
 .debug_macro   0x0000435f       0xbc shiftreg.o
 .debug_macro   0x0000441b       0x10 shiftreg.o
 .debug_macro   0x0000442b      0x166 shiftreg.o
 .debug_macro   0x00004591       0xb3 srdisplay.o
 .debug_macro   0x00004644       0xbc stirrer.o
 .debug_macro   0x00004700       0xbd switch.o
 .debug_macro   0x000047bd      0x103 temp_sensors.o
OUTPUT(pidetchingbath.elf elf32-avr)
LOAD linker stubs
