Archive member included to satisfy reference by file (symbol)

c:/program files (x86)/atmel/studio/7.0/toolchain/avr8/avr8-gnu-toolchain/bin/../lib/gcc/avr/5.4.0/../../../../avr/lib/avr5\libm.a(addsf3.o)
                              application.o (__subsf3)
c:/program files (x86)/atmel/studio/7.0/toolchain/avr8/avr8-gnu-toolchain/bin/../lib/gcc/avr/5.4.0/../../../../avr/lib/avr5\libm.a(addsf3x.o)
                              c:/program files (x86)/atmel/studio/7.0/toolchain/avr8/avr8-gnu-toolchain/bin/../lib/gcc/avr/5.4.0/../../../../avr/lib/avr5\libm.a(addsf3.o) (__addsf3x)
c:/program files (x86)/atmel/studio/7.0/toolchain/avr8/avr8-gnu-toolchain/bin/../lib/gcc/avr/5.4.0/../../../../avr/lib/avr5\libm.a(cmpsf2.o)
                              application.o (__ltsf2)
c:/program files (x86)/atmel/studio/7.0/toolchain/avr8/avr8-gnu-toolchain/bin/../lib/gcc/avr/5.4.0/../../../../avr/lib/avr5\libm.a(divsf3.o)
                              app_timer.o (__divsf3)
c:/program files (x86)/atmel/studio/7.0/toolchain/avr8/avr8-gnu-toolchain/bin/../lib/gcc/avr/5.4.0/../../../../avr/lib/avr5\libm.a(divsf3x.o)
                              c:/program files (x86)/atmel/studio/7.0/toolchain/avr8/avr8-gnu-toolchain/bin/../lib/gcc/avr/5.4.0/../../../../avr/lib/avr5\libm.a(divsf3.o) (__divsf3x)
c:/program files (x86)/atmel/studio/7.0/toolchain/avr8/avr8-gnu-toolchain/bin/../lib/gcc/avr/5.4.0/../../../../avr/lib/avr5\libm.a(fixsfdi.o)
                              my_util.o (__fixsfdi)
c:/program files (x86)/atmel/studio/7.0/toolchain/avr8/avr8-gnu-toolchain/bin/../lib/gcc/avr/5.4.0/../../../../avr/lib/avr5\libm.a(fixsfsi.o)
                              my_util.o (__fixsfsi)
c:/program files (x86)/atmel/studio/7.0/toolchain/avr8/avr8-gnu-toolchain/bin/../lib/gcc/avr/5.4.0/../../../../avr/lib/avr5\libm.a(fixunssfsi.o)
                              application.o (__fixunssfsi)
c:/program files (x86)/atmel/studio/7.0/toolchain/avr8/avr8-gnu-toolchain/bin/../lib/gcc/avr/5.4.0/../../../../avr/lib/avr5\libm.a(floatsisf.o)
                              application.o (__floatsisf)
c:/program files (x86)/atmel/studio/7.0/toolchain/avr8/avr8-gnu-toolchain/bin/../lib/gcc/avr/5.4.0/../../../../avr/lib/avr5\libm.a(floatundisf.o)
                              app_timer.o (__floatundisf)
c:/program files (x86)/atmel/studio/7.0/toolchain/avr8/avr8-gnu-toolchain/bin/../lib/gcc/avr/5.4.0/../../../../avr/lib/avr5\libm.a(fp_cmp.o)
                              c:/program files (x86)/atmel/studio/7.0/toolchain/avr8/avr8-gnu-toolchain/bin/../lib/gcc/avr/5.4.0/../../../../avr/lib/avr5\libm.a(cmpsf2.o) (__fp_cmp)
c:/program files (x86)/atmel/studio/7.0/toolchain/avr8/avr8-gnu-toolchain/bin/../lib/gcc/avr/5.4.0/../../../../avr/lib/avr5\libm.a(fp_inf.o)
                              c:/program files (x86)/atmel/studio/7.0/toolchain/avr8/avr8-gnu-toolchain/bin/../lib/gcc/avr/5.4.0/../../../../avr/lib/avr5\libm.a(addsf3x.o) (__fp_inf)
c:/program files (x86)/atmel/studio/7.0/toolchain/avr8/avr8-gnu-toolchain/bin/../lib/gcc/avr/5.4.0/../../../../avr/lib/avr5\libm.a(fp_nan.o)
                              c:/program files (x86)/atmel/studio/7.0/toolchain/avr8/avr8-gnu-toolchain/bin/../lib/gcc/avr/5.4.0/../../../../avr/lib/avr5\libm.a(addsf3x.o) (__fp_nan)
c:/program files (x86)/atmel/studio/7.0/toolchain/avr8/avr8-gnu-toolchain/bin/../lib/gcc/avr/5.4.0/../../../../avr/lib/avr5\libm.a(fp_negdi.o)
                              c:/program files (x86)/atmel/studio/7.0/toolchain/avr8/avr8-gnu-toolchain/bin/../lib/gcc/avr/5.4.0/../../../../avr/lib/avr5\libm.a(fixsfdi.o) (__fp_negdi)
c:/program files (x86)/atmel/studio/7.0/toolchain/avr8/avr8-gnu-toolchain/bin/../lib/gcc/avr/5.4.0/../../../../avr/lib/avr5\libm.a(fp_pscA.o)
                              c:/program files (x86)/atmel/studio/7.0/toolchain/avr8/avr8-gnu-toolchain/bin/../lib/gcc/avr/5.4.0/../../../../avr/lib/avr5\libm.a(addsf3x.o) (__fp_pscA)
c:/program files (x86)/atmel/studio/7.0/toolchain/avr8/avr8-gnu-toolchain/bin/../lib/gcc/avr/5.4.0/../../../../avr/lib/avr5\libm.a(fp_pscB.o)
                              c:/program files (x86)/atmel/studio/7.0/toolchain/avr8/avr8-gnu-toolchain/bin/../lib/gcc/avr/5.4.0/../../../../avr/lib/avr5\libm.a(addsf3x.o) (__fp_pscB)
c:/program files (x86)/atmel/studio/7.0/toolchain/avr8/avr8-gnu-toolchain/bin/../lib/gcc/avr/5.4.0/../../../../avr/lib/avr5\libm.a(fp_round.o)
                              c:/program files (x86)/atmel/studio/7.0/toolchain/avr8/avr8-gnu-toolchain/bin/../lib/gcc/avr/5.4.0/../../../../avr/lib/avr5\libm.a(addsf3.o) (__fp_round)
c:/program files (x86)/atmel/studio/7.0/toolchain/avr8/avr8-gnu-toolchain/bin/../lib/gcc/avr/5.4.0/../../../../avr/lib/avr5\libm.a(fp_split3.o)
                              c:/program files (x86)/atmel/studio/7.0/toolchain/avr8/avr8-gnu-toolchain/bin/../lib/gcc/avr/5.4.0/../../../../avr/lib/avr5\libm.a(addsf3x.o) (__fp_split3)
[...]
Memory Configuration

Name             Origin             Length             Attributes
text             0x00000000         0x00020000         xr
data             0x00800060         0x0000ffa0         rw !x
eeprom           0x00810000         0x00010000         rw !x
fuse             0x00820000         0x00000003         rw !x
lock             0x00830000         0x00000400         rw !x
signature        0x00840000         0x00000400         rw !x
user_signatures  0x00850000         0x00000400         rw !x
*default*        0x00000000         0xffffffff

Linker script and memory map

Address of section .data set to 0x800100
LOAD C:/Program Files (x86)/Atmel/Studio/7.0/Packs/atmel/ATmega_DFP/1.2.209/gcc/dev/atmega644pa/avr5/crtatmega644pa.o
LOAD application.o
LOAD app_timer.o
LOAD heater.o
LOAD main.o
LOAD menu_rendering.o
LOAD my_util.o
LOAD PID.o
LOAD rotary_encoder.o
LOAD shiftreg.o
LOAD srdisplay.o
LOAD stirrer.o
LOAD switch.o
LOAD temp_sensors.o
START GROUP
LOAD c:/program files (x86)/atmel/studio/7.0/toolchain/avr8/avr8-gnu-toolchain/bin/../lib/gcc/avr/5.4.0/../../../../avr/lib/avr5\libm.a
END GROUP
START GROUP
LOAD c:/program files (x86)/atmel/studio/7.0/toolchain/avr8/avr8-gnu-toolchain/bin/../lib/gcc/avr/5.4.0/avr5\libgcc.a
LOAD c:/program files (x86)/atmel/studio/7.0/toolchain/avr8/avr8-gnu-toolchain/bin/../lib/gcc/avr/5.4.0/../../../../avr/lib/avr5\libm.a
LOAD c:/program files (x86)/atmel/studio/7.0/toolchain/avr8/avr8-gnu-toolchain/bin/../lib/gcc/avr/5.4.0/../../../../avr/lib/avr5\libc.a
LOAD C:/Program Files (x86)/Atmel/Studio/7.0/Packs/atmel/ATmega_DFP/1.2.209/gcc/dev/atmega644pa/avr5\libatmega644pa.a
END GROUP
                0x00020000                __TEXT_REGION_LENGTH__ = DEFINED (__TEXT_REGION_LENGTH__)?__TEXT_REGION_LENGTH__:0x20000
                0x0000ffa0                __DATA_REGION_LENGTH__ = DEFINED (__DATA_REGION_LENGTH__)?__DATA_REGION_LENGTH__:0xffa0
                0x00010000                __EEPROM_REGION_LENGTH__ = DEFINED (__EEPROM_REGION_LENGTH__)?__EEPROM_REGION_LENGTH__:0x10000
                [0x00000003]                __FUSE_REGION_LENGTH__ = DEFINED (__FUSE_REGION_LENGTH__)?__FUSE_REGION_LENGTH__:0x400
                0x00000400                __LOCK_REGION_LENGTH__ = DEFINED (__LOCK_REGION_LENGTH__)?__LOCK_REGION_LENGTH__:0x400
                0x00000400                __SIGNATURE_REGION_LENGTH__ = DEFINED (__SIGNATURE_REGION_LENGTH__)?__SIGNATURE_REGION_LENGTH__:0x400
                0x00000400                __USER_SIGNATURE_REGION_LENGTH__ = DEFINED (__USER_SIGNATURE_REGION_LENGTH__)?__USER_SIGNATURE_REGION_LENGTH__:0x400

.hash
 *(.hash)

.dynsym
 *(.dynsym)

.dynstr
 *(.dynstr)

.gnu.version
 *(.gnu.version)

.gnu.version_d
 *(.gnu.version_d)

.gnu.version_r
 *(.gnu.version_r)

.rel.init
 *(.rel.init)

.rela.init
 *(.rela.init)

.rel.text
 *(.rel.text)
 *(.rel.text.*)
 *(.rel.gnu.linkonce.t*)

.rela.text
 *(.rela.text)
 *(.rela.text.*)
 *(.rela.gnu.linkonce.t*)

.rel.fini
 *(.rel.fini)

.rela.fini
 *(.rela.fini)

.rel.rodata
 *(.rel.rodata)
 *(.rel.rodata.*)
 *(.rel.gnu.linkonce.r*)

.rela.rodata
 *(.rela.rodata)
 *(.rela.rodata.*)
 *(.rela.gnu.linkonce.r*)

.rel.data
 *(.rel.data)
 *(.rel.data.*)
 *(.rel.gnu.linkonce.d*)

.rela.data
 *(.rela.data)
 *(.rela.data.*)
 *(.rela.gnu.linkonce.d*)

.rel.ctors
 *(.rel.ctors)

.rela.ctors
 *(.rela.ctors)

.rel.dtors
 *(.rel.dtors)

.rela.dtors
 *(.rela.dtors)

.rel.got
 *(.rel.got)

.rela.got
 *(.rela.got)

.rel.bss
 *(.rel.bss)

.rela.bss
 *(.rela.bss)

.rel.plt
 *(.rel.plt)

.rela.plt
 *(.rela.plt)

.text           0x00000000     0x5a20
 *(.vectors)
 .vectors       0x00000000       0x7c C:/Program Files (x86)/Atmel/Studio/7.0/Packs/atmel/ATmega_DFP/1.2.209/gcc/dev/atmega644pa/avr5/crtatmega644pa.o
                0x00000000                __vector_default
                0x00000000                __vectors
 *(.vectors)
 *(.progmem.gcc*)
 .progmem.gcc_sw_table.srd_dig_to_pattern
                0x0000007c       0x14 srdisplay.o
 .progmem.gcc_fplib
                0x00000090       0x5a c:/program files (x86)/atmel/studio/7.0/toolchain/avr8/avr8-gnu-toolchain/bin/../lib/gcc/avr/5.4.0/../../../../avr/lib/avr5\libm.a(log.o)
                0x000000ea                . = ALIGN (0x2)
                0x000000ea                __trampolines_start = .
 *(.trampolines)
 .trampolines   0x000000ea        0x0 linker stubs
 *(.trampolines*)
                0x000000ea                __trampolines_end = .
 *libprintf_flt.a:*(.progmem.data)
 *libc.a:*(.progmem.data)
 *(.progmem*)
 .progmem.data.rotenc_decoder_lut
                0x000000ea       0x20 rotary_encoder.o
                0x0000010a                . = ALIGN (0x2)
 *(.jumptables)
 *(.jumptables*)
 *(.lowtext)
 *(.lowtext*)
                0x0000010a                __ctors_start = .
 *(.ctors)
                0x0000010a                __ctors_end = .
                0x0000010a                __dtors_start = .
 *(.dtors)
                0x0000010a                __dtors_end = .
 SORT(*)(.ctors)
 SORT(*)(.dtors)
 *(.init0)
 .init0         0x0000010a        0x0 C:/Program Files (x86)/Atmel/Studio/7.0/Packs/atmel/ATmega_DFP/1.2.209/gcc/dev/atmega644pa/avr5/crtatmega644pa.o
                0x0000010a                __init
 *(.init0)
 *(.init1)
 *(.init1)
 *(.init2)
 .init2         0x0000010a        0xc C:/Program Files (x86)/Atmel/Studio/7.0/Packs/atmel/ATmega_DFP/1.2.209/gcc/dev/atmega644pa/avr5/crtatmega644pa.o
 *(.init2)
 *(.init3)
 *(.init3)
 *(.init4)
 .init4         0x00000116       0x10 c:/program files (x86)/atmel/studio/7.0/toolchain/avr8/avr8-gnu-toolchain/bin/../lib/gcc/avr/5.4.0/avr5\libgcc.a(_clear_bss.o)
                0x00000116                __do_clear_bss
 *(.init4)
 *(.init5)
 *(.init5)
 *(.init6)
 *(.init6)
 *(.init7)
 *(.init7)
 *(.init8)
 *(.init8)
 *(.init9)
 .init9         0x00000126        0x8 C:/Program Files (x86)/Atmel/Studio/7.0/Packs/atmel/ATmega_DFP/1.2.209/gcc/dev/atmega644pa/avr5/crtatmega644pa.o
 *(.init9)
 *(.text)
 .text          0x0000012e        0x4 C:/Program Files (x86)/Atmel/Studio/7.0/Packs/atmel/ATmega_DFP/1.2.209/gcc/dev/atmega644pa/avr5/crtatmega644pa.o
                0x0000012e                __vector_22
                0x0000012e                __vector_28
                0x0000012e                __vector_1
                0x0000012e                __vector_24
                0x0000012e                __vector_12
                0x0000012e                __bad_interrupt
                0x0000012e                __vector_6
                0x0000012e                __vector_3
                0x0000012e                __vector_23
                0x0000012e                __vector_30
                0x0000012e                __vector_25
                0x0000012e                __vector_11
                0x0000012e                __vector_13
                0x0000012e                __vector_17
                0x0000012e                __vector_19
                0x0000012e                __vector_7
                0x0000012e                __vector_27
                0x0000012e                __vector_5
                0x0000012e                __vector_4
                0x0000012e                __vector_9
                0x0000012e                __vector_2
                0x0000012e                __vector_21
                0x0000012e                __vector_15
                0x0000012e                __vector_29
                0x0000012e                __vector_8
                0x0000012e                __vector_26
                0x0000012e                __vector_14
                0x0000012e                __vector_10
                0x0000012e                __vector_18
                0x0000012e                __vector_20
                0x00000132                . = ALIGN (0x2)
 *(.text.*)
 .text.app_run  0x00000132      0x2a0 application.o
                0x00000132                app_run
 .text.app_user_main
                0x000003d2       0x7a application.o
                0x000003d2                app_user_main
 .text.app_control
                0x0000044c      0x79e application.o
                0x0000044c                app_control
 .text.app_rotenc_update
                0x00000bea       0x14 application.o
                0x00000bea                app_rotenc_update
 .text.app_button_update
                0x00000bfe       0x14 application.o
                0x00000bfe                app_button_update
 .text.app_state_main
                0x00000c12       0xd0 application.o
                0x00000c12                app_state_main
 .text.app_state_menu_main
                0x00000ce2      0x100 application.o
                0x00000ce2                app_state_menu_main
 .text.app_state_menu_heater
                0x00000de2      0x11e application.o
                0x00000de2                app_state_menu_heater
 .text.app_state_menu_heater_onoff
                0x00000f00       0x7c application.o
                0x00000f00                app_state_menu_heater_onoff
 .text.app_state_menu_heater_target_temp
                0x00000f7c       0xf6 application.o
                0x00000f7c                app_state_menu_heater_target_temp
 .text.app_state_menu_heater_controlling_tprobe
                0x00001072       0xde application.o
                0x00001072                app_state_menu_heater_controlling_tprobe
 .text.app_state_menu_heater_pid
                0x00001150       0xea application.o
                0x00001150                app_state_menu_heater_pid
 .text.app_state_menu_heater_pid_p
                0x0000123a      0x16c application.o
                0x0000123a                app_state_menu_heater_pid_p
 .text.app_state_menu_heater_pid_i
                0x000013a6      0x16c application.o
                0x000013a6                app_state_menu_heater_pid_i
 .text.app_state_menu_heater_pid_d
                0x00001512      0x16c application.o
                0x00001512                app_state_menu_heater_pid_d
 .text.app_state_menu_heater_offset
                0x0000167e       0xf8 application.o
                0x0000167e                app_state_menu_heater_offset
 .text.app_state_menu_stirrer
                0x00001776       0xb2 application.o
                0x00001776                app_state_menu_stirrer
 .text.app_state_menu_stirrer_duty_cycle
                0x00001828       0xb8 application.o
                0x00001828                app_state_menu_stirrer_duty_cycle
 .text.app_state_menu_tprobe
                0x000018e0      0x102 application.o
                0x000018e0                app_state_menu_tprobe
 .text.app_state_menu_tprobe0_calib
                0x000019e2       0x52 application.o
                0x000019e2                app_state_menu_tprobe0_calib
 .text.app_state_menu_tprobe1_calib
                0x00001a34       0x52 application.o
                0x00001a34                app_state_menu_tprobe1_calib
 .text.app_state_menu_tprobe2_calib
                0x00001a86       0x3e application.o
                0x00001a86                app_state_menu_tprobe2_calib
 .text.app_state_menu_tprobe3_calib
                0x00001ac4       0x3e application.o
                0x00001ac4                app_state_menu_tprobe3_calib
 .text.app_clear_input
                0x00001b02       0x28 application.o
                0x00001b02                app_clear_input
 .text.app_error_display
                0x00001b2a       0x30 application.o
                0x00001b2a                app_error_display
 .text.app_load_default_settings
                0x00001b5a       0x74 application.o
                0x00001b5a                app_load_default_settings
 .text.app_load_settings_from_eeprom
                0x00001bce       0x5a application.o
                0x00001bce                app_load_settings_from_eeprom
 .text.app_store_settings_to_eeprom
                0x00001c28       0x4e application.o
                0x00001c28                app_store_settings_to_eeprom
 .text.__iCliRetVal
                0x00001c76       0x12 app_timer.o
 .text.__iRestore
                0x00001c88       0x2a app_timer.o
 .text.appt_seconds_to_cycles
                0x00001cb2       0xc6 app_timer.o
                0x00001cb2                appt_seconds_to_cycles
 .text.appt_cycles_to_seconds
                0x00001d78       0x66 app_timer.o
                0x00001d78                appt_cycles_to_seconds
 .text.appt_init
                0x00001dde      0x15a app_timer.o
                0x00001dde                appt_init
 .text.appt_shutdown
                0x00001f38      0x13e app_timer.o
                0x00001f38                appt_shutdown
 .text.appt_start
                0x00002076       0x6a app_timer.o
                0x00002076                appt_start
 .text.appt_stop
                0x000020e0       0x22 app_timer.o
                0x000020e0                appt_stop
 .text.appt_update
                0x00002102      0x550 app_timer.o
                0x00002102                appt_update
 .text.appt_get_cycles_since_startup
                0x00002652       0x6e app_timer.o
                0x00002652                appt_get_cycles_since_startup
 .text.appt_set_callback
                0x000026c0      0x12c app_timer.o
                0x000026c0                appt_set_callback
 .text.__vector_16
                0x000027ec       0xd0 app_timer.o
                0x000027ec                __vector_16
 .text.heater_init
                0x000028bc       0x70 heater.o
                0x000028bc                heater_init
 .text.heater_shutdown
                0x0000292c       0x68 heater.o
                0x0000292c                heater_shutdown
 .text.heater_set_duty_cycle
                0x00002994       0x5e heater.o
                0x00002994                heater_set_duty_cycle
 .text.heater_on
                0x000029f2       0x44 heater.o
                0x000029f2                heater_on
 .text.heater_off
                0x00002a36       0x3c heater.o
                0x00002a36                heater_off
 .text.main     0x00002a72       0x24 main.o
                0x00002a72                main
 .text.mr_main  0x00002a96       0x90 menu_rendering.o
                0x00002a96                mr_main
 .text.mr_main_menu
                0x00002b26      0x124 menu_rendering.o
                0x00002b26                mr_main_menu
 .text.mr_heater_menu
                0x00002c4a      0x104 menu_rendering.o
                0x00002c4a                mr_heater_menu
 .text.mr_stirrer_menu
                0x00002d4e       0x62 menu_rendering.o
                0x00002d4e                mr_stirrer_menu
 .text.mr_heater_menu_controlling_probe_select
                0x00002db0       0xb2 menu_rendering.o
                0x00002db0                mr_heater_menu_controlling_probe_select
 .text.mr_heater_menu_pid
                0x00002e62       0x72 menu_rendering.o
                0x00002e62                mr_heater_menu_pid
 .text.mr_heater_menu_onoff
                0x00002ed4       0x56 menu_rendering.o
                0x00002ed4                mr_heater_menu_onoff
 .text.mr_heater_menu_target_temp
                0x00002f2a       0x46 menu_rendering.o
                0x00002f2a                mr_heater_menu_target_temp
 .text.mr_heater_menu_pid_p
                0x00002f70       0x46 menu_rendering.o
                0x00002f70                mr_heater_menu_pid_p
 .text.mr_heater_menu_pid_i
                0x00002fb6       0x46 menu_rendering.o
                0x00002fb6                mr_heater_menu_pid_i
 .text.mr_heater_menu_pid_d
                0x00002ffc       0x46 menu_rendering.o
                0x00002ffc                mr_heater_menu_pid_d
 .text.mr_heater_menu_offset
                0x00003042       0x46 menu_rendering.o
                0x00003042                mr_heater_menu_offset
 .text.mr_stirrer_menu_dc
                0x00003088       0x4c menu_rendering.o
                0x00003088                mr_stirrer_menu_dc
 .text.mr_tprobe_menu
                0x000030d4       0x98 menu_rendering.o
                0x000030d4                mr_tprobe_menu
 .text.mr_tprobe_calib_menu
                0x0000316c       0x54 menu_rendering.o
                0x0000316c                mr_tprobe_calib_menu
 .text.mr_tprobe_calib_menu_nc
                0x000031c0       0x20 menu_rendering.o
                0x000031c0                mr_tprobe_calib_menu_nc
 .text.mr_thermistor_error
                0x000031e0      0x194 menu_rendering.o
                0x000031e0                mr_thermistor_error
 .text.decpowi16
                0x00003374       0x6e my_util.o
                0x00003374                decpowi16
 .text.imax8    0x000033e2       0x22 my_util.o
                0x000033e2                imax8
 .text.imax16   0x00003404       0x32 my_util.o
                0x00003404                imax16
 .text.imin8    0x00003436       0x22 my_util.o
                0x00003436                imin8
 .text.imin16   0x00003458       0x32 my_util.o
                0x00003458                imin16
 .text.umax8    0x0000348a       0x22 my_util.o
                0x0000348a                umax8
 .text.umin8    0x000034ac       0x22 my_util.o
                0x000034ac                umin8
 .text.fmax     0x000034ce       0x64 my_util.o
                0x000034ce                fmax
 .text.fmin     0x00003532       0x64 my_util.o
                0x00003532                fmin
 .text.pid_init
                0x00003596       0xfe PID.o
                0x00003596                pid_init
 .text.pid_set_params
                0x00003694       0xfe PID.o
                0x00003694                pid_set_params
 .text.pid_step
                0x00003792      0x294 PID.o
                0x00003792                pid_step
 .text.pid_reset
                0x00003a26       0x36 PID.o
                0x00003a26                pid_reset
 .text.__iCliRetVal
                0x00003a5c       0x12 rotary_encoder.o
 .text.__iRestore
                0x00003a6e       0x2a rotary_encoder.o
 .text.rotenc_init
                0x00003a98       0x74 rotary_encoder.o
                0x00003a98                rotenc_init
 .text.rotenc_shutdown
                0x00003b0c       0x2a rotary_encoder.o
                0x00003b0c                rotenc_shutdown
 .text.rotenc_get_inc
                0x00003b36       0x54 rotary_encoder.o
                0x00003b36                rotenc_get_inc
 .text.rotenc_update
                0x00003b8a       0xd4 rotary_encoder.o
                0x00003b8a                rotenc_update
 .text.shreg_init
                0x00003c5e       0x4e shiftreg.o
                0x00003c5e                shreg_init
 .text.shreg_shutdown
                0x00003cac       0x18 shiftreg.o
                0x00003cac                shreg_shutdown
 .text.shreg_write_bit
                0x00003cc4       0x40 shiftreg.o
                0x00003cc4                shreg_write_bit
 .text.shreg_write_byte
                0x00003d04       0x44 shiftreg.o
                0x00003d04                shreg_write_byte
 .text.shreg_write_bytes
                0x00003d48       0x60 shiftreg.o
                0x00003d48                shreg_write_bytes
 .text.shreg_clear
                0x00003da8       0x34 shiftreg.o
                0x00003da8                shreg_clear
 .text.shreg_shift
                0x00003ddc       0x34 shiftreg.o
                0x00003ddc                shreg_shift
 .text.shreg_out
                0x00003e10       0x34 shiftreg.o
                0x00003e10                shreg_out
 .text.srd_dig_to_pattern
                0x00003e44       0x68 srdisplay.o
 .text.srd_ctd  0x00003eac       0x5e srdisplay.o
 .text.srd_signed_ctd
                0x00003f0a       0x6a srdisplay.o
 .text.srd_int16_to_patterns
                0x00003f74      0x13a srdisplay.o
 .text.srd_signed_int16_to_patterns
                0x000040ae      0x132 srdisplay.o
 .text.srd_float_to_patterns
                0x000041e0      0x224 srdisplay.o
 .text.srd_init
                0x00004404       0x1c srdisplay.o
                0x00004404                srd_init
 .text.srd_shutdown
                0x00004420       0x14 srdisplay.o
                0x00004420                srd_shutdown
 .text.srd_set  0x00004434       0x34 srdisplay.o
                0x00004434                srd_set
 .text.srd_setfloat
                0x00004468       0x70 srdisplay.o
                0x00004468                srd_setfloat
 .text.srd_setint16
                0x000044d8       0x52 srdisplay.o
                0x000044d8                srd_setint16
 .text.srd_display
                0x0000452a       0x22 srdisplay.o
                0x0000452a                srd_display
 .text.srd_clear
                0x0000454c       0x32 srdisplay.o
                0x0000454c                srd_clear
 .text.stirrer_init
                0x0000457e       0x92 stirrer.o
                0x0000457e                stirrer_init
 .text.stirrer_shutdown
                0x00004610       0x88 stirrer.o
                0x00004610                stirrer_shutdown
 .text.stirrer_set_duty_cycle
                0x00004698       0x70 stirrer.o
                0x00004698                stirrer_set_duty_cycle
 .text.stirrer_on
                0x00004708       0x48 stirrer.o
                0x00004708                stirrer_on
 .text.stirrer_off
                0x00004750       0x3e stirrer.o
                0x00004750                stirrer_off
 .text.switch_init
                0x0000478e       0x72 switch.o
                0x0000478e                switch_init
 .text.switch_shutdown
                0x00004800       0x60 switch.o
                0x00004800                switch_shutdown
 .text.switch_press
                0x00004860       0x5a switch.o
                0x00004860                switch_press
 .text.switch_release
                0x000048ba       0x5a switch.o
                0x000048ba                switch_release
 .text.switch_longpress
                0x00004914       0x5a switch.o
                0x00004914                switch_longpress
 .text.switch_get_state
                0x0000496e       0x3a switch.o
                0x0000496e                switch_get_state
 .text.switch_update
                0x000049a8      0x19a switch.o
                0x000049a8                switch_update
 .text.__iCliRetVal
                0x00004b42       0x12 temp_sensors.o
 .text.__iRestore
                0x00004b54       0x2a temp_sensors.o
 .text.tsens_init
                0x00004b7e       0x58 temp_sensors.o
                0x00004b7e                tsens_init
 .text.tsens_shutdown
                0x00004bd6       0x6e temp_sensors.o
                0x00004bd6                tsens_shutdown
 .text.tsens_start_adc
                0x00004c44       0x54 temp_sensors.o
                0x00004c44                tsens_start_adc
 .text.tsens_measure0_raw
                0x00004c98       0xac temp_sensors.o
                0x00004c98                tsens_measure0_raw
 .text.tsens_measure0_resistance
                0x00004d44      0x100 temp_sensors.o
                0x00004d44                tsens_measure0_resistance
 .text.tsens_measure_probe0_temp
                0x00004e44      0x100 temp_sensors.o
                0x00004e44                tsens_measure_probe0_temp
 .text.tsens_measure1_raw
                0x00004f44       0xae temp_sensors.o
                0x00004f44                tsens_measure1_raw
 .text.tsens_measure1_resistance
                0x00004ff2      0x100 temp_sensors.o
                0x00004ff2                tsens_measure1_resistance
 .text.tsens_measure_probe1_temp
                0x000050f2      0x100 temp_sensors.o
                0x000050f2                tsens_measure_probe1_temp
 .text.avr-libc.fplib
                0x000051f2        0xe c:/program files (x86)/atmel/studio/7.0/toolchain/avr8/avr8-gnu-toolchain/bin/../lib/gcc/avr/5.4.0/../../../../avr/lib/avr5\libm.a(addsf3.o)
                0x000051f2                __subsf3
                0x000051f4                __addsf3
 .text.avr-libc.fplib
                0x00005200       0xcc c:/program files (x86)/atmel/studio/7.0/toolchain/avr8/avr8-gnu-toolchain/bin/../lib/gcc/avr/5.4.0/../../../../avr/lib/avr5\libm.a(addsf3x.o)
                0x00005222                __addsf3x
 .text.avr-libc.fplib
                0x000052cc        0xa c:/program files (x86)/atmel/studio/7.0/toolchain/avr8/avr8-gnu-toolchain/bin/../lib/gcc/avr/5.4.0/../../../../avr/lib/avr5\libm.a(cmpsf2.o)
                0x000052cc                __nesf2
                0x000052cc                __eqsf2
                0x000052cc                __cmpsf2
                0x000052cc                __ltsf2
                0x000052cc                __lesf2
 .text.avr-libc.fplib
                0x000052d6        0x8 c:/program files (x86)/atmel/studio/7.0/toolchain/avr8/avr8-gnu-toolchain/bin/../lib/gcc/avr/5.4.0/../../../../avr/lib/avr5\libm.a(divsf3.o)
                0x000052d6                __divsf3
 .text.avr-libc.fplib
                0x000052de       0xdc c:/program files (x86)/atmel/studio/7.0/toolchain/avr8/avr8-gnu-toolchain/bin/../lib/gcc/avr/5.4.0/../../../../avr/lib/avr5\libm.a(divsf3x.o)
                0x000052fe                __divsf3x
                0x00005304                __divsf3_pse
 .text.avr-libc.fplib
                0x000053ba       0x78 c:/program files (x86)/atmel/studio/7.0/toolchain/avr8/avr8-gnu-toolchain/bin/../lib/gcc/avr/5.4.0/../../../../avr/lib/avr5\libm.a(fixsfdi.o)
                0x000053ba                __fixsfdi
                0x000053c4                __fixunssfdi
 .text.avr-libc.fplib
                0x00005432        0xe c:/program files (x86)/atmel/studio/7.0/toolchain/avr8/avr8-gnu-toolchain/bin/../lib/gcc/avr/5.4.0/../../../../avr/lib/avr5\libm.a(fixsfsi.o)
                0x00005432                __fixsfsi
 .text.avr-libc.fplib
                0x00005440       0x5e c:/program files (x86)/atmel/studio/7.0/toolchain/avr8/avr8-gnu-toolchain/bin/../lib/gcc/avr/5.4.0/../../../../avr/lib/avr5\libm.a(fixunssfsi.o)
                0x00005440                __fixunssfsi
 .text.avr-libc.fplib
                0x0000549e       0x7a c:/program files (x86)/atmel/studio/7.0/toolchain/avr8/avr8-gnu-toolchain/bin/../lib/gcc/avr/5.4.0/../../../../avr/lib/avr5\libm.a(floatsisf.o)
                0x0000549e                __floatunsisf
                0x000054a2                __floatsisf
 .text.avr-libc.fplib
                0x00005518       0x7c c:/program files (x86)/atmel/studio/7.0/toolchain/avr8/avr8-gnu-toolchain/bin/../lib/gcc/avr/5.4.0/../../../../avr/lib/avr5\libm.a(floatundisf.o)
                0x00005518                __floatundisf
                0x0000551a                __fp_di2sf
 .text.avr-libc.fplib
                0x00005594       0x48 c:/program files (x86)/atmel/studio/7.0/toolchain/avr8/avr8-gnu-toolchain/bin/../lib/gcc/avr/5.4.0/../../../../avr/lib/avr5\libm.a(fp_cmp.o)
                0x00005594                __fp_cmp
 .text.avr-libc.fplib
                0x000055dc        0xc c:/program files (x86)/atmel/studio/7.0/toolchain/avr8/avr8-gnu-toolchain/bin/../lib/gcc/avr/5.4.0/../../../../avr/lib/avr5\libm.a(fp_inf.o)
                0x000055dc                __fp_inf
 .text.avr-libc.fplib
                0x000055e8        0x6 c:/program files (x86)/atmel/studio/7.0/toolchain/avr8/avr8-gnu-toolchain/bin/../lib/gcc/avr/5.4.0/../../../../avr/lib/avr5\libm.a(fp_nan.o)
                0x000055e8                __fp_nan
 .text.avr-libc.fplib
                0x000055ee       0x20 c:/program files (x86)/atmel/studio/7.0/toolchain/avr8/avr8-gnu-toolchain/bin/../lib/gcc/avr/5.4.0/../../../../avr/lib/avr5\libm.a(fp_negdi.o)
                0x000055ee                __fp_negdi
 .text.avr-libc.fplib
                0x0000560e        0xe c:/program files (x86)/atmel/studio/7.0/toolchain/avr8/avr8-gnu-toolchain/bin/../lib/gcc/avr/5.4.0/../../../../avr/lib/avr5\libm.a(fp_pscA.o)
                0x0000560e                __fp_pscA
 .text.avr-libc.fplib
                0x0000561c        0xe c:/program files (x86)/atmel/studio/7.0/toolchain/avr8/avr8-gnu-toolchain/bin/../lib/gcc/avr/5.4.0/../../../../avr/lib/avr5\libm.a(fp_pscB.o)
                0x0000561c                __fp_pscB
 .text.avr-libc.fplib
                0x0000562a       0x22 c:/program files (x86)/atmel/studio/7.0/toolchain/avr8/avr8-gnu-toolchain/bin/../lib/gcc/avr/5.4.0/../../../../avr/lib/avr5\libm.a(fp_round.o)
                0x0000562a                __fp_round
 .text.avr-libc.fplib
                0x0000564c       0x44 c:/program files (x86)/atmel/studio/7.0/toolchain/avr8/avr8-gnu-toolchain/bin/../lib/gcc/avr/5.4.0/../../../../avr/lib/avr5\libm.a(fp_split3.o)
                0x0000564c                __fp_split3
                0x0000565c                __fp_splitA
 .text.avr-libc.fplib
                0x00005690        0xe c:/program files (x86)/atmel/studio/7.0/toolchain/avr8/avr8-gnu-toolchain/bin/../lib/gcc/avr/5.4.0/../../../../avr/lib/avr5\libm.a(fp_zero.o)
                0x00005690                __fp_zero
                0x00005692                __fp_szero
 .text.avr-libc.fplib
                0x0000569e        0xa c:/program files (x86)/atmel/studio/7.0/toolchain/avr8/avr8-gnu-toolchain/bin/../lib/gcc/avr/5.4.0/../../../../avr/lib/avr5\libm.a(gesf2.o)
                0x0000569e                __gesf2
                0x0000569e                __gtsf2
 .text.avr-libc.fplib
                0x000056a8       0xa0 c:/program files (x86)/atmel/studio/7.0/toolchain/avr8/avr8-gnu-toolchain/bin/../lib/gcc/avr/5.4.0/../../../../avr/lib/avr5\libm.a(log.o)
                0x000056b8                log
 .text.avr-libc.fplib
                0x00005748        0x8 c:/program files (x86)/atmel/studio/7.0/toolchain/avr8/avr8-gnu-toolchain/bin/../lib/gcc/avr/5.4.0/../../../../avr/lib/avr5\libm.a(mulsf3.o)
                0x00005748                __mulsf3
 .text.avr-libc.fplib
                0x00005750       0xd2 c:/program files (x86)/atmel/studio/7.0/toolchain/avr8/avr8-gnu-toolchain/bin/../lib/gcc/avr/5.4.0/../../../../avr/lib/avr5\libm.a(mulsf3x.o)
                0x0000576e                __mulsf3x
                0x00005774                __mulsf3_pse
 .text.avr-libc.fplib
                0x00005822       0x1c c:/program files (x86)/atmel/studio/7.0/toolchain/avr8/avr8-gnu-toolchain/bin/../lib/gcc/avr/5.4.0/../../../../avr/lib/avr5\libm.a(fp_mpack.o)
                0x00005822                __fp_mpack
                0x00005826                __fp_mpack_finite
 .text.avr-libc.fplib
                0x0000583e       0x4e c:/program files (x86)/atmel/studio/7.0/toolchain/avr8/avr8-gnu-toolchain/bin/../lib/gcc/avr/5.4.0/../../../../avr/lib/avr5\libm.a(fp_powser.o)
                0x0000583e                __fp_powser
 .text.libgcc.div
                0x0000588c       0x28 c:/program files (x86)/atmel/studio/7.0/toolchain/avr8/avr8-gnu-toolchain/bin/../lib/gcc/avr/5.4.0/avr5\libgcc.a(_divmodhi4.o)
                0x0000588c                _div
                0x0000588c                __divmodhi4
 .text.libgcc.div
                0x000058b4       0x44 c:/program files (x86)/atmel/studio/7.0/toolchain/avr8/avr8-gnu-toolchain/bin/../lib/gcc/avr/5.4.0/avr5\libgcc.a(_udivmodsi4.o)
                0x000058b4                __udivmodsi4
 .text.libgcc   0x000058f8        0xc c:/program files (x86)/atmel/studio/7.0/toolchain/avr8/avr8-gnu-toolchain/bin/../lib/gcc/avr/5.4.0/avr5\libgcc.a(_tablejump2.o)
                0x000058f8                __tablejump2__
 .text.libgcc.mul
                0x00005904       0x1e c:/program files (x86)/atmel/studio/7.0/toolchain/avr8/avr8-gnu-toolchain/bin/../lib/gcc/avr/5.4.0/avr5\libgcc.a(_umulhisi3.o)
                0x00005904                __umulhisi3
 .text.libgcc.mul
                0x00005922       0x16 c:/program files (x86)/atmel/studio/7.0/toolchain/avr8/avr8-gnu-toolchain/bin/../lib/gcc/avr/5.4.0/avr5\libgcc.a(_muluhisi3.o)
                0x00005922                __muluhisi3
 .text.libgcc   0x00005938       0x12 c:/program files (x86)/atmel/studio/7.0/toolchain/avr8/avr8-gnu-toolchain/bin/../lib/gcc/avr/5.4.0/avr5\libgcc.a(_adddi3.o)
                0x00005938                __adddi3
 .text.libgcc   0x0000594a       0x18 c:/program files (x86)/atmel/studio/7.0/toolchain/avr8/avr8-gnu-toolchain/bin/../lib/gcc/avr/5.4.0/avr5\libgcc.a(_adddi3_s8.o)
                0x0000594a                __adddi3_s8
 .text.libgcc   0x00005962       0x12 c:/program files (x86)/atmel/studio/7.0/toolchain/avr8/avr8-gnu-toolchain/bin/../lib/gcc/avr/5.4.0/avr5\libgcc.a(_subdi3.o)
                0x00005962                __subdi3
 .text.libgcc   0x00005974       0x12 c:/program files (x86)/atmel/studio/7.0/toolchain/avr8/avr8-gnu-toolchain/bin/../lib/gcc/avr/5.4.0/avr5\libgcc.a(_cmpdi2.o)
                0x00005974                __cmpdi2
 .text.libgcc.div
                0x00005986       0x28 c:/program files (x86)/atmel/studio/7.0/toolchain/avr8/avr8-gnu-toolchain/bin/../lib/gcc/avr/5.4.0/avr5\libgcc.a(_udivmodhi4.o)
                0x00005986                __udivmodhi4
 .text.avr-libc
                0x000059ae        0xa c:/program files (x86)/atmel/studio/7.0/toolchain/avr8/avr8-gnu-toolchain/bin/../lib/gcc/avr/5.4.0/../../../../avr/lib/avr5\libc.a(abort.o)
                0x000059ae                abort
 .text.avr-libc
                0x000059b8       0x20 C:/Program Files (x86)/Atmel/Studio/7.0/Packs/atmel/ATmega_DFP/1.2.209/gcc/dev/atmega644pa/avr5\libatmega644pa.a(eerd_block.o)
                0x000059b8                eeprom_read_block
                0x000059bc                eeprom_read_blraw
 .text.avr-libc
                0x000059d8       0x20 C:/Program Files (x86)/Atmel/Studio/7.0/Packs/atmel/ATmega_DFP/1.2.209/gcc/dev/atmega644pa/avr5\libatmega644pa.a(eeupd_block.o)
                0x000059d8                eeprom_update_block
 .text.avr-libc
                0x000059f8       0x24 C:/Program Files (x86)/Atmel/Studio/7.0/Packs/atmel/ATmega_DFP/1.2.209/gcc/dev/atmega644pa/avr5\libatmega644pa.a(eeupd_byte.o)
                0x000059f8                eeprom_update_byte
                0x000059fa                eeprom_update_r18
                0x00005a1c                . = ALIGN (0x2)
 *(.fini9)
 .fini9         0x00005a1c        0x0 c:/program files (x86)/atmel/studio/7.0/toolchain/avr8/avr8-gnu-toolchain/bin/../lib/gcc/avr/5.4.0/avr5\libgcc.a(_exit.o)
                0x00005a1c                _exit
                0x00005a1c                exit
 *(.fini9)
 *(.fini8)
 *(.fini8)
 *(.fini7)
 *(.fini7)
 *(.fini6)
 *(.fini6)
 *(.fini5)
 *(.fini5)
 *(.fini4)
 *(.fini4)
 *(.fini3)
 *(.fini3)
 *(.fini2)
 *(.fini2)
 *(.fini1)
 *(.fini1)
 *(.fini0)
 .fini0         0x00005a1c        0x4 c:/program files (x86)/atmel/studio/7.0/toolchain/avr8/avr8-gnu-toolchain/bin/../lib/gcc/avr/5.4.0/avr5\libgcc.a(_exit.o)
 *(.fini0)
                0x00005a20                _etext = .

.data           0x00800100        0x0 load address 0x00005a20
                [!provide]                PROVIDE (__data_start, .)
 *(.data)
 *(.data*)
 *(.gnu.linkonce.d*)
 *(.rodata)
 *(.rodata*)
 *(.gnu.linkonce.r*)
                0x00800100                . = ALIGN (0x2)
                0x00800100                _edata = .
                [!provide]                PROVIDE (__data_end, .)

.bss            0x00800100       0xd1
                0x00800100                PROVIDE (__bss_start, .)
 *(.bss)
 *(.bss*)
 .bss.rotenc_last
                0x00800100        0x1 rotary_encoder.o
 .bss.rotenc_delta
                0x00800101        0x2 rotary_encoder.o
 .bss.srd_buffer
                0x00800103        0x6 srdisplay.o
 .bss.switch_state_press
                0x00800109        0x1 switch.o
 .bss.switch_state_release
                0x0080010a        0x1 switch.o
 .bss.switch_state_longpress
                0x0080010b        0x1 switch.o
 .bss.switch_press_counter
                0x0080010c        0x2 switch.o
 .bss.switch_state
                0x0080010e        0x1 switch.o
 .bss.switch_debounce_ct0
                0x0080010f        0x1 switch.o
 .bss.switch_debounce_ct1
                0x00800110        0x1 switch.o
 *(COMMON)
 COMMON         0x00800111       0x68 application.o
                0x00800111                app_state
 COMMON         0x00800179       0x58 app_timer.o
                0x00800179                appt_callbacks
                0x008001c1                appt_cycles_old
                0x008001c9                appt_cycles
                0x008001d1                PROVIDE (__bss_end, .)
                0x00005a20                __data_load_start = LOADADDR (.data)
                0x00005a20                __data_load_end = (__data_load_start + SIZEOF (.data))

.noinit         0x008001d1        0x0
                [!provide]                PROVIDE (__noinit_start, .)
 *(.noinit*)
                [!provide]                PROVIDE (__noinit_end, .)
                0x008001d1                _end = .
                [!provide]                PROVIDE (__heap_start, .)

.eeprom         0x00810000       0x16
 *(.eeprom*)
 .eeprom        0x00810000       0x16 application.o
                0x00810000                app_eeprom_settings
                0x00810016                __eeprom_end = .

.fuse
 *(.fuse)
 *(.lfuse)
 *(.hfuse)
 *(.efuse)

.lock
 *(.lock*)

.signature
 *(.signature*)

.user_signatures
 *(.user_signatures*)

.stab
 *(.stab)

.stabstr
 *(.stabstr)

.stab.excl
 *(.stab.excl)

.stab.exclstr
 *(.stab.exclstr)

.stab.index
 *(.stab.index)

.stab.indexstr
 *(.stab.indexstr)

.comment        0x00000000       0x30
 *(.comment)
 .comment       0x00000000       0x30 application.o
                                 0x31 (size before relaxing)
 .comment       0x00000030       0x31 app_timer.o
 .comment       0x00000030       0x31 heater.o
 .comment       0x00000030       0x31 main.o
 .comment       0x00000030       0x31 menu_rendering.o
 .comment       0x00000030       0x31 my_util.o
 .comment       0x00000030       0x31 PID.o
 .comment       0x00000030       0x31 rotary_encoder.o
 .comment       0x00000030       0x31 shiftreg.o
 .comment       0x00000030       0x31 srdisplay.o
 .comment       0x00000030       0x31 stirrer.o
 .comment       0x00000030       0x31 switch.o
 .comment       0x00000030       0x31 temp_sensors.o

.note.gnu.avr.deviceinfo
                0x00000000       0x40
 .note.gnu.avr.deviceinfo
                0x00000000       0x40 C:/Program Files (x86)/Atmel/Studio/7.0/Packs/atmel/ATmega_DFP/1.2.209/gcc/dev/atmega644pa/avr5/crtatmega644pa.o

.note.gnu.build-id
 *(.note.gnu.build-id)

.debug
 *(.debug)

.line
 *(.line)

.debug_srcinfo
 *(.debug_srcinfo)

.debug_sfnames
 *(.debug_sfnames)

.debug_aranges  0x00000000      0x698
 *(.debug_aranges)
 .debug_aranges
                0x00000000      0x100 application.o
 .debug_aranges
                0x00000100       0xd0 app_timer.o
 .debug_aranges
                0x000001d0       0x40 heater.o
 .debug_aranges
                0x00000210       0x20 main.o
 .debug_aranges
                0x00000230       0xa0 menu_rendering.o
 .debug_aranges
                0x000002d0       0xf8 my_util.o
 .debug_aranges
                0x000003c8       0x38 PID.o
 .debug_aranges
                0x00000400       0x48 rotary_encoder.o
 .debug_aranges
                0x00000448       0x60 shiftreg.o
 .debug_aranges
                0x000004a8       0x88 srdisplay.o
 .debug_aranges
                0x00000530       0x40 stirrer.o
 .debug_aranges
                0x00000570       0x50 switch.o
 .debug_aranges
                0x000005c0       0x78 temp_sensors.o
 .debug_aranges
                0x00000638       0x20 C:/Program Files (x86)/Atmel/Studio/7.0/Packs/atmel/ATmega_DFP/1.2.209/gcc/dev/atmega644pa/avr5\libatmega644pa.a(eerd_block.o)
 .debug_aranges
                0x00000658       0x20 C:/Program Files (x86)/Atmel/Studio/7.0/Packs/atmel/ATmega_DFP/1.2.209/gcc/dev/atmega644pa/avr5\libatmega644pa.a(eeupd_block.o)
 .debug_aranges
                0x00000678       0x20 C:/Program Files (x86)/Atmel/Studio/7.0/Packs/atmel/ATmega_DFP/1.2.209/gcc/dev/atmega644pa/avr5\libatmega644pa.a(eeupd_byte.o)

.debug_pubnames
 *(.debug_pubnames)

.debug_info     0x00000000     0x3360
 *(.debug_info .gnu.linkonce.wi.*)
 .debug_info    0x00000000      0x6cc C:/Program Files (x86)/Atmel/Studio/7.0/Packs/atmel/ATmega_DFP/1.2.209/gcc/dev/atmega644pa/avr5/crtatmega644pa.o
 .debug_info    0x000006cc      0x6fc application.o
 .debug_info    0x00000dc8      0x511 app_timer.o
 .debug_info    0x000012d9      0x106 heater.o
 .debug_info    0x000013df       0xd8 main.o
 .debug_info    0x000014b7      0x382 menu_rendering.o
 .debug_info    0x00001839      0x79e my_util.o
 .debug_info    0x00001fd7      0x278 PID.o
 .debug_info    0x0000224f      0x1ed rotary_encoder.o
 .debug_info    0x0000243c      0x1d4 shiftreg.o
 .debug_info    0x00002610      0x47c srdisplay.o
 .debug_info    0x00002a8c      0x111 stirrer.o
 .debug_info    0x00002b9d      0x277 switch.o
 .debug_info    0x00002e14      0x341 temp_sensors.o
 .debug_info    0x00003155       0xae C:/Program Files (x86)/Atmel/Studio/7.0/Packs/atmel/ATmega_DFP/1.2.209/gcc/dev/atmega644pa/avr5\libatmega644pa.a(eerd_block.o)
 .debug_info    0x00003203       0xaf C:/Program Files (x86)/Atmel/Studio/7.0/Packs/atmel/ATmega_DFP/1.2.209/gcc/dev/atmega644pa/avr5\libatmega644pa.a(eeupd_block.o)
 .debug_info    0x000032b2       0xae C:/Program Files (x86)/Atmel/Studio/7.0/Packs/atmel/ATmega_DFP/1.2.209/gcc/dev/atmega644pa/avr5\libatmega644pa.a(eeupd_byte.o)

.debug_abbrev   0x00000000     0x137b
 *(.debug_abbrev)
 .debug_abbrev  0x00000000      0x66e C:/Program Files (x86)/Atmel/Studio/7.0/Packs/atmel/ATmega_DFP/1.2.209/gcc/dev/atmega644pa/avr5/crtatmega644pa.o
 .debug_abbrev  0x0000066e      0x193 application.o
 .debug_abbrev  0x00000801      0x216 app_timer.o
 .debug_abbrev  0x00000a17       0x8a heater.o
 .debug_abbrev  0x00000aa1       0x7d main.o
 .debug_abbrev  0x00000b1e       0xab menu_rendering.o
 .debug_abbrev  0x00000bc9       0xe3 my_util.o
 .debug_abbrev  0x00000cac       0xdc PID.o
 .debug_abbrev  0x00000d88      0x113 rotary_encoder.o
 .debug_abbrev  0x00000e9b       0xdb shiftreg.o
 .debug_abbrev  0x00000f76      0x136 srdisplay.o
 .debug_abbrev  0x000010ac       0x8a stirrer.o
 .debug_abbrev  0x00001136       0xbf switch.o
 .debug_abbrev  0x000011f5      0x14a temp_sensors.o
 .debug_abbrev  0x0000133f       0x14 C:/Program Files (x86)/Atmel/Studio/7.0/Packs/atmel/ATmega_DFP/1.2.209/gcc/dev/atmega644pa/avr5\libatmega644pa.a(eerd_block.o)
 .debug_abbrev  0x00001353       0x14 C:/Program Files (x86)/Atmel/Studio/7.0/Packs/atmel/ATmega_DFP/1.2.209/gcc/dev/atmega644pa/avr5\libatmega644pa.a(eeupd_block.o)
 .debug_abbrev  0x00001367       0x14 C:/Program Files (x86)/Atmel/Studio/7.0/Packs/atmel/ATmega_DFP/1.2.209/gcc/dev/atmega644pa/avr5\libatmega644pa.a(eeupd_byte.o)

.debug_line     0x00000000     0x4c42
 *(.debug_line .debug_line.* .debug_line_end)
 .debug_line    0x00000000      0x151 C:/Program Files (x86)/Atmel/Studio/7.0/Packs/atmel/ATmega_DFP/1.2.209/gcc/dev/atmega644pa/avr5/crtatmega644pa.o
 .debug_line    0x00000151     0x100f application.o
 .debug_line    0x00001160      0x6fc app_timer.o
 .debug_line    0x0000185c      0x332 heater.o
 .debug_line    0x00001b8e      0x37f main.o
 .debug_line    0x00001f0d      0x6c1 menu_rendering.o
 .debug_line    0x000025ce      0x61c my_util.o
 .debug_line    0x00002bea      0x210 PID.o
 .debug_line    0x00002dfa      0x444 rotary_encoder.o
 .debug_line    0x0000323e      0x453 shiftreg.o
 .debug_line    0x00003691      0x657 srdisplay.o
 .debug_line    0x00003ce8      0x34c stirrer.o
 .debug_line    0x00004034      0x450 switch.o
 .debug_line    0x00004484      0x5b8 temp_sensors.o
 .debug_line    0x00004a3c       0xab C:/Program Files (x86)/Atmel/Studio/7.0/Packs/atmel/ATmega_DFP/1.2.209/gcc/dev/atmega644pa/avr5\libatmega644pa.a(eerd_block.o)
 .debug_line    0x00004ae7       0xa5 C:/Program Files (x86)/Atmel/Studio/7.0/Packs/atmel/ATmega_DFP/1.2.209/gcc/dev/atmega644pa/avr5\libatmega644pa.a(eeupd_block.o)
 .debug_line    0x00004b8c       0xb6 C:/Program Files (x86)/Atmel/Studio/7.0/Packs/atmel/ATmega_DFP/1.2.209/gcc/dev/atmega644pa/avr5\libatmega644pa.a(eeupd_byte.o)

.debug_frame    0x00000000     0x1b50
 *(.debug_frame)
 .debug_frame   0x00000000      0x4ec application.o
 .debug_frame   0x000004ec      0x514 app_timer.o
 .debug_frame   0x00000a00       0xb4 heater.o
 .debug_frame   0x00000ab4       0x34 main.o
 .debug_frame   0x00000ae8      0x26c menu_rendering.o
 .debug_frame   0x00000d54      0x524 my_util.o
 .debug_frame   0x00001278      0x130 PID.o
 .debug_frame   0x000013a8       0xd4 rotary_encoder.o
 .debug_frame   0x0000147c      0x134 shiftreg.o
 .debug_frame   0x000015b0      0x214 srdisplay.o
 .debug_frame   0x000017c4       0xb4 stirrer.o
 .debug_frame   0x00001878       0xf4 switch.o
 .debug_frame   0x0000196c      0x1e4 temp_sensors.o

.debug_str      0x00000000     0xc622
 *(.debug_str)
 .debug_str     0x00000000      0x252 C:/Program Files (x86)/Atmel/Studio/7.0/Packs/atmel/ATmega_DFP/1.2.209/gcc/dev/atmega644pa/avr5/crtatmega644pa.o
 .debug_str     0x00000252     0x9bed application.o
                               0x9eba (size before relaxing)
 .debug_str     0x00009e3f      0x545 app_timer.o
                               0x94be (size before relaxing)
 .debug_str     0x0000a384       0xe1 heater.o
                               0x870f (size before relaxing)
 .debug_str     0x0000a465        0xc main.o
                               0x98fa (size before relaxing)
 .debug_str     0x0000a471      0x18f menu_rendering.o
                               0x8ee0 (size before relaxing)
 .debug_str     0x0000a600       0xf5 my_util.o
                               0x37b4 (size before relaxing)
 .debug_str     0x0000a6f5       0x55 PID.o
                               0x331d (size before relaxing)
 .debug_str     0x0000a74a     0x12ef rotary_encoder.o
                               0xa04a (size before relaxing)
 .debug_str     0x0000ba39      0x45f shiftreg.o
                               0x8ab2 (size before relaxing)
 .debug_str     0x0000be98      0x12c srdisplay.o
                               0x8d91 (size before relaxing)
 .debug_str     0x0000bfc4       0xe5 stirrer.o
                               0x872e (size before relaxing)
 .debug_str     0x0000c0a9      0x1a9 switch.o
                               0x87fd (size before relaxing)
 .debug_str     0x0000c252      0x3d0 temp_sensors.o
                               0x93f6 (size before relaxing)

.debug_loc      0x00000000     0x39ef
 *(.debug_loc)
 .debug_loc     0x00000000      0xa20 application.o
 .debug_loc     0x00000a20      0xb6b app_timer.o
 .debug_loc     0x0000158b      0x134 heater.o
 .debug_loc     0x000016bf       0x48 main.o
 .debug_loc     0x00001707      0x516 menu_rendering.o
 .debug_loc     0x00001c1d      0xbe5 my_util.o
 .debug_loc     0x00002802      0x2a3 PID.o
 .debug_loc     0x00002aa5      0x189 rotary_encoder.o
 .debug_loc     0x00002c2e      0x247 shiftreg.o
 .debug_loc     0x00002e75      0x454 srdisplay.o
 .debug_loc     0x000032c9      0x134 stirrer.o
 .debug_loc     0x000033fd      0x1f8 switch.o
 .debug_loc     0x000035f5      0x3fa temp_sensors.o

.debug_macinfo
 *(.debug_macinfo)

.debug_weaknames
 *(.debug_weaknames)

.debug_funcnames
 *(.debug_funcnames)

.debug_typenames
 *(.debug_typenames)

.debug_varnames
 *(.debug_varnames)

.debug_pubtypes
 *(.debug_pubtypes)

.debug_ranges   0x00000000      0x568
 *(.debug_ranges)
 .debug_ranges  0x00000000       0xf0 application.o
 .debug_ranges  0x000000f0       0xc0 app_timer.o
 .debug_ranges  0x000001b0       0x30 heater.o
 .debug_ranges  0x000001e0       0x10 main.o
 .debug_ranges  0x000001f0       0x90 menu_rendering.o
 .debug_ranges  0x00000280       0xe8 my_util.o
 .debug_ranges  0x00000368       0x28 PID.o
 .debug_ranges  0x00000390       0x38 rotary_encoder.o
 .debug_ranges  0x000003c8       0x50 shiftreg.o
 .debug_ranges  0x00000418       0x78 srdisplay.o
 .debug_ranges  0x00000490       0x30 stirrer.o
 .debug_ranges  0x000004c0       0x40 switch.o
 .debug_ranges  0x00000500       0x68 temp_sensors.o

.debug_macro    0x00000000     0x4c91
 *(.debug_macro)
 .debug_macro   0x00000000      0x130 application.o
 .debug_macro   0x00000130      0xa4e application.o
 .debug_macro   0x00000b7e      0x1c9 application.o
 .debug_macro   0x00000d47       0x10 application.o
 .debug_macro   0x00000d57      0x302 application.o
 .debug_macro   0x00001059       0x9e application.o
 .debug_macro   0x000010f7     0x1ec8 application.o
 .debug_macro   0x00002fbf      0x171 application.o
 .debug_macro   0x00003130       0xbd application.o
 .debug_macro   0x000031ed       0x34 application.o
 .debug_macro   0x00003221       0x18 application.o
 .debug_macro   0x00003239       0x6c application.o
 .debug_macro   0x000032a5      0x221 application.o
 .debug_macro   0x000034c6       0x69 application.o
 .debug_macro   0x0000352f       0x2e application.o
 .debug_macro   0x0000355d      0x16d application.o
 .debug_macro   0x000036ca       0x39 application.o
 .debug_macro   0x00003703       0x40 application.o
 .debug_macro   0x00003743      0x112 application.o
 .debug_macro   0x00003855       0x16 application.o
 .debug_macro   0x0000386b       0x10 application.o
 .debug_macro   0x0000387b       0xf6 app_timer.o
 .debug_macro   0x00003971       0x3a app_timer.o
 .debug_macro   0x000039ab       0x1c app_timer.o
 .debug_macro   0x000039c7      0x10e app_timer.o
 .debug_macro   0x00003ad5       0x66 app_timer.o
 .debug_macro   0x00003b3b       0x34 app_timer.o
 .debug_macro   0x00003b6f       0xb6 heater.o
 .debug_macro   0x00003c25      0x2fc heater.o
 .debug_macro   0x00003f21      0x227 heater.o
 .debug_macro   0x00004148      0x130 main.o
 .debug_macro   0x00004278       0xad menu_rendering.o
 .debug_macro   0x00004325       0x55 my_util.o
 .debug_macro   0x0000437a       0x38 PID.o
 .debug_macro   0x000043b2       0xeb rotary_encoder.o
 .debug_macro   0x0000449d       0x10 rotary_encoder.o
 .debug_macro   0x000044ad       0x89 rotary_encoder.o
 .debug_macro   0x00004536       0xee rotary_encoder.o
 .debug_macro   0x00004624       0xbc shiftreg.o
 .debug_macro   0x000046e0       0x10 shiftreg.o
 .debug_macro   0x000046f0      0x166 shiftreg.o
 .debug_macro   0x00004856       0xb3 srdisplay.o
 .debug_macro   0x00004909      0x10c srdisplay.o
 .debug_macro   0x00004a15       0xbc stirrer.o
 .debug_macro   0x00004ad1       0xbd switch.o
 .debug_macro   0x00004b8e      0x103 temp_sensors.o
OUTPUT(pidetchingbath.elf elf32-avr)
LOAD linker stubs
